Component: ARM Compiler 5.06 update 7 (build 960) Tool: armlink [4d3601]

==============================================================================

Section Cross References

    main.o(i.AnglePID) refers to main.o(.data) for .data
    main.o(i.Incremental_PI_A) refers to main.o(.data) for .data
    main.o(i.Incremental_PI_B) refers to main.o(.data) for .data
    main.o(i.Incremental_PI_C) refers to main.o(.data) for .data
    main.o(i.Incremental_PI_D) refers to main.o(.data) for .data
    main.o(i.TIM7_IRQHandler) refers to stm32f4xx_tim.o(i.TIM_GetITStatus) for TIM_GetITStatus
    main.o(i.TIM7_IRQHandler) refers to stm32f4xx_tim.o(i.TIM_ClearITPendingBit) for TIM_ClearITPendingBit
    main.o(i.TIM7_IRQHandler) refers to main.o(i.Wit_Process) for Wit_Process
    main.o(i.TIM7_IRQHandler) refers to bsp_encoder.o(i.Read_Encoder) for Read_Encoder
    main.o(i.TIM7_IRQHandler) refers to pid_study.o(i.PID_Iterate) for PID_Iterate
    main.o(i.TIM7_IRQHandler) refers to main.o(i.fabsf) for fabsf
    main.o(i.TIM7_IRQHandler) refers to main.o(i.AnglePID) for AnglePID
    main.o(i.TIM7_IRQHandler) refers to main.o(i.Incremental_PI_A) for Incremental_PI_A
    main.o(i.TIM7_IRQHandler) refers to main.o(i.Incremental_PI_B) for Incremental_PI_B
    main.o(i.TIM7_IRQHandler) refers to main.o(i.Incremental_PI_C) for Incremental_PI_C
    main.o(i.TIM7_IRQHandler) refers to main.o(i.Incremental_PI_D) for Incremental_PI_D
    main.o(i.TIM7_IRQHandler) refers to bsp_key.o(i.KEY_Scan) for KEY_Scan
    main.o(i.TIM7_IRQHandler) refers to main.o(i.target_limit_int) for target_limit_int
    main.o(i.TIM7_IRQHandler) refers to main.o(.data) for .data
    main.o(i.TIM7_IRQHandler) refers to main.o(.bss) for .bss
    main.o(i.TIM7_IRQHandler) refers to bsp_motor.o(i.Set_Pwm) for Set_Pwm
    main.o(i.USART2_IRQHandler) refers to stm32f4xx_usart.o(i.USART_GetITStatus) for USART_GetITStatus
    main.o(i.USART2_IRQHandler) refers to stm32f4xx_usart.o(i.USART_ClearITPendingBit) for USART_ClearITPendingBit
    main.o(i.USART2_IRQHandler) refers to stm32f4xx_usart.o(i.USART_ReceiveData) for USART_ReceiveData
    main.o(i.USART2_IRQHandler) refers to main.o(i.Wit_CmdProcess) for Wit_CmdProcess
    main.o(i.USART2_IRQHandler) refers to bsp_bluetooth.o(i.BlueToothAPPDecode) for BlueToothAPPDecode
    main.o(i.WitAutoScanSensor) refers to rt_memcpy_w.o(.text) for __aeabi_memcpy4
    main.o(i.WitAutoScanSensor) refers to bsp_wit_uart4.o(i.WitUart4Init) for WitUart4Init
    main.o(i.WitAutoScanSensor) refers to wit_c_sdk.o(i.WitReadReg) for WitReadReg
    main.o(i.WitAutoScanSensor) refers to delay.o(i.delay_ms) for delay_ms
    main.o(i.WitAutoScanSensor) refers to main.o(.constdata) for .constdata
    main.o(i.WitAutoScanSensor) refers to main.o(.data) for .data
    main.o(i.WitDelayms) refers to delay.o(i.delay_ms) for delay_ms
    main.o(i.WitSensorDataUpdata) refers to main.o(.data) for .data
    main.o(i.WitSensorUartSend) refers to bsp_wit_uart4.o(i.Uart4Send) for Uart4Send
    main.o(i.Wit_CmdProcess) refers to strcmpv7m.o(.text) for strcmp
    main.o(i.Wit_CmdProcess) refers to wit_c_sdk.o(i.WitStartIYAWCali) for WitStartIYAWCali
    main.o(i.Wit_CmdProcess) refers to noretval__2printf.o(.text) for __2printf
    main.o(i.Wit_CmdProcess) refers to wit_c_sdk.o(i.WitStopRKMODECali) for WitStopRKMODECali
    main.o(i.Wit_CmdProcess) refers to wit_c_sdk.o(i.WitStartRKMODECali) for WitStartRKMODECali
    main.o(i.Wit_CmdProcess) refers to rt_memclr_w.o(.text) for __aeabi_memclr4
    main.o(i.Wit_CmdProcess) refers to main.o(.data) for .data
    main.o(i.Wit_CmdProcess) refers to main.o(.bss) for .bss
    main.o(i.Wit_Process) refers to main.o(.data) for .data
    main.o(i.Wit_Process) refers to wit_c_sdk.o(.bss) for sReg
    main.o(i.Wit_Process) refers to main.o(.bss) for .bss
    main.o(i.main) refers to _printf_percent.o(.ARM.Collect$$_printf_percent$$00000000) for _printf_percent
    main.o(i.main) refers to _printf_u.o(.ARM.Collect$$_printf_percent$$0000000A) for _printf_u
    main.o(i.main) refers to _printf_dec.o(.text) for _printf_int_dec
    main.o(i.main) refers to _printf_d.o(.ARM.Collect$$_printf_percent$$00000009) for _printf_d
    main.o(i.main) refers to _printf_f.o(.ARM.Collect$$_printf_percent$$00000003) for _printf_f
    main.o(i.main) refers to printf1.o(x$fpl$printf1) for _printf_fp_dec
    main.o(i.main) refers to misc.o(i.NVIC_PriorityGroupConfig) for NVIC_PriorityGroupConfig
    main.o(i.main) refers to delay.o(i.SysTick_Init) for SysTick_Init
    main.o(i.main) refers to bsp_bluetooth.o(i.uart2_init) for uart2_init
    main.o(i.main) refers to bsp_led.o(i.LED_Init) for LED_Init
    main.o(i.main) refers to gpio_inout.o(i.GPIO_IN_Init) for GPIO_IN_Init
    main.o(i.main) refers to delay.o(i.delay_ms) for delay_ms
    main.o(i.main) refers to wit_c_sdk.o(i.WitInit) for WitInit
    main.o(i.main) refers to wit_c_sdk.o(i.WitSerialWriteRegister) for WitSerialWriteRegister
[...]
    i.WitDelayms                             0x08003bd8   Section        0  main.o(i.WitDelayms)
    WitDelayms                               0x08003bd9   Thumb Code     4  main.o(i.WitDelayms)
    i.WitInit                                0x08003bdc   Section        0  wit_c_sdk.o(i.WitInit)
    i.WitReadReg                             0x08003bf8   Section        0  wit_c_sdk.o(i.WitReadReg)
    i.WitRegisterCallBack                    0x08003d60   Section        0  wit_c_sdk.o(i.WitRegisterCallBack)
    i.WitSensorDataUpdata                    0x08003d78   Section        0  main.o(i.WitSensorDataUpdata)
    WitSensorDataUpdata                      0x08003d79   Thumb Code    60  main.o(i.WitSensorDataUpdata)
    i.WitSensorUartSend                      0x08003db8   Section        0  main.o(i.WitSensorUartSend)
    WitSensorUartSend                        0x08003db9   Thumb Code     4  main.o(i.WitSensorUartSend)
    i.WitSerialDataIn                        0x08003dbc   Section        0  wit_c_sdk.o(i.WitSerialDataIn)
    i.WitSerialWriteRegister                 0x08003ef4   Section        0  wit_c_sdk.o(i.WitSerialWriteRegister)
    i.WitStartIYAWCali                       0x08003f0c   Section        0  wit_c_sdk.o(i.WitStartIYAWCali)
    i.WitStartRKMODECali                     0x08003f54   Section        0  wit_c_sdk.o(i.WitStartRKMODECali)
    i.WitStopRKMODECali                      0x08003f9c   Section        0  wit_c_sdk.o(i.WitStopRKMODECali)
    i.WitUart4Init                           0x08003fe4   Section        0  bsp_wit_uart4.o(i.WitUart4Init)
    i.WitWriteReg                            0x08004098   Section        0  wit_c_sdk.o(i.WitWriteReg)
    i.Wit_CmdProcess                         0x08004184   Section        0  main.o(i.Wit_CmdProcess)
    Wit_CmdProcess                           0x08004185   Thumb Code   230  main.o(i.Wit_CmdProcess)
    i.Wit_Process                            0x080043b4   Section        0  main.o(i.Wit_Process)
    Wit_Process                              0x080043b5   Thumb Code   304  main.o(i.Wit_Process)
    i.__ARM_fpclassify                       0x080044fc   Section        0  fpclassify.o(i.__ARM_fpclassify)
    i.__CRC16                                0x0800452c   Section        0  wit_c_sdk.o(i.__CRC16)
    __CRC16                                  0x0800452d   Thumb Code    38  wit_c_sdk.o(i.__CRC16)
    i.__CaliSum                              0x08004558   Section        0  wit_c_sdk.o(i.__CaliSum)
    __CaliSum                                0x08004559   Thumb Code    24  wit_c_sdk.o(i.__CaliSum)
    i._is_digit                              0x08004570   Section        0  __printf_wp.o(i._is_digit)
    i._sys_exit                              0x0800457e   Section        0  usart.o(i._sys_exit)
    i.delay_ms                               0x08004580   Section        0  delay.o(i.delay_ms)
    i.fabsf                                  0x080045a8   Section        0  main.o(i.fabsf)
    fabsf                                    0x080045a9   Thumb Code     6  main.o(i.fabsf)
    i.fputc                                  0x080045b0   Section        0  usart.o(i.fputc)
    i.main                                   0x080045c8   Section        0  main.o(i.main)
    i.target_limit_float                     0x08005144   Section        0  main.o(i.target_limit_float)
    i.target_limit_int                       0x08005164   Section        0  main.o(i.target_limit_int)
    i.uart2_init                             0x08005174   Section        0  bsp_bluetooth.o(i.uart2_init)
    locale$$code                             0x08005220   Section       44  lc_numeric_c.o(locale$$code)
    x$fpl$dretinf                            0x0800524c   Section       12  dretinf.o(x$fpl$dretinf)
    $v0                                      0x0800524c   Number         0  dretinf.o(x$fpl$dretinf)
    x$fpl$f2d                                0x08005258   Section       86  f2d.o(x$fpl$f2d)
    $v0                                      0x08005258   Number         0  f2d.o(x$fpl$f2d)
    x$fpl$fnaninf                            0x080052ae   Section      140  fnaninf.o(x$fpl$fnaninf)
    $v0                                      0x080052ae   Number         0  fnaninf.o(x$fpl$fnaninf)
    x$fpl$fpinit                             0x0800533a   Section       10  fpinit.o(x$fpl$fpinit)
    $v0                                      0x0800533a   Number         0  fpinit.o(x$fpl$fpinit)
    x$fpl$printf1                            0x08005344   Section        4  printf1.o(x$fpl$printf1)
    $v0                                      0x08005344   Number         0  printf1.o(x$fpl$printf1)
    .constdata                               0x08005348   Section       40  main.o(.constdata)
    x$fpl$usenofp                            0x08005348   Section        0  usenofp.o(x$fpl$usenofp)
    .constdata                               0x08005370   Section      512  wit_c_sdk.o(.constdata)
    __auchCRCHi                              0x08005370   Data         256  wit_c_sdk.o(.constdata)
    __auchCRCLo                              0x08005470   Data         256  wit_c_sdk.o(.constdata)
    .constdata                               0x08005570   Section       17  __printf_flags_ss_wp.o(.constdata)
    maptable                                 0x08005570   Data          17  __printf_flags_ss_wp.o(.constdata)
    .constdata                               0x08005584   Section      148  bigflt0.o(.constdata)
    tenpwrs_x                                0x08005584   Data          60  bigflt0.o(.constdata)
    tenpwrs_i                                0x080055c0   Data          64  bigflt0.o(.constdata)
    locale$$data                             0x08005638   Section       28  lc_numeric_c.o(locale$$data)
    __lcnum_c_name                           0x0800563c   Data           2  lc_numeric_c.o(locale$$data)
    __lcnum_c_start                          0x08005644   Data           0  lc_numeric_c.o(locale$$data)
    __lcnum_c_point                          0x08005650   Data           0  lc_numeric_c.o(locale$$data)
    __lcnum_c_thousands                      0x08005652   Data           0  lc_numeric_c.o(locale$$data)
    __lcnum_c_grouping                       0x08005653   Data           0  lc_numeric_c.o(locale$$data)
    __lcnum_c_end                            0x08005654   Data           0  lc_numeric_c.o(locale$$data)
    .data                                    0x20000000   Section      296  main.o(.data)
    s_cWitDataUpdate                         0x20000000   Data           1  main.o(.data)
    s_ucWitCmdCnt                            0x20000001   Data           1  main.o(.data)
    EncoderTaskFlag                          0x20000009   Data           1  main.o(.data)
    arrivalCount                             0x2000000a   Data           1  main.o(.data)
    LedTickCnt                               0x200000d0   Data           4  main.o(.data)
    adc_taskCnt                              0x200000d4   Data           4  main.o(.data)
    TIME_ONE_TickCnt                         0x200000d8   Data           4  main.o(.data)
    error                                    0x200000dc   Data           4  main.o(.data)
    prev_error                               0x200000e0   Data           4  main.o(.data)
    output                                   0x200000e4   Data           4  main.o(.data)
    time_delta                               0x200000e8   Data           4  main.o(.data)
    integral                                 0x200000ec   Data           4  main.o(.data)
    derivative                               0x200000f0   Data           4  main.o(.data)
    Bias                                     0x200000f4   Data           4  main.o(.data)
    Pwm                                      0x200000f8   Data           4  main.o(.data)
    Last_bias                                0x200000fc   Data           4  main.o(.data)
    Bias                                     0x20000100   Data           4  main.o(.data)
    Pwm                                      0x20000104   Data           4  main.o(.data)
    Last_bias                                0x20000108   Data           4  main.o(.data)
    Bias                                     0x2000010c   Data           4  main.o(.data)
    Pwm                                      0x20000110   Data           4  main.o(.data)
    Last_bias                                0x20000114   Data           4  main.o(.data)
    Bias                                     0x20000118   Data           4  main.o(.data)
    Pwm                                      0x2000011c   Data           4  main.o(.data)
    Last_bias                                0x20000120   Data           4  main.o(.data)
    .data                                    0x20000128   Section       20  system_stm32f4xx.o(.data)
    .data                                    0x2000013c   Section       16  stm32f4xx_rcc.o(.data)
    APBAHBPrescTable                         0x2000013c   Data          16  stm32f4xx_rcc.o(.data)
    .data                                    0x2000014c   Section       16  delay.o(.data)
    systick_time                             0x2000014c   Data           4  delay.o(.data)
    systick_reloadval                        0x20000150   Data           4  delay.o(.data)
    max_delayus_val                          0x20000154   Data           4  delay.o(.data)
    systick_intFreq                          0x20000158   Data           4  delay.o(.data)
    .data                                    0x2000015c   Section        4  usart.o(.data)
    .data                                    0x20000160   Section       10  bsp_key.o(.data)
    press_flag                               0x20000160   Data           1  bsp_key.o(.data)
    check_once                               0x20000161   Data           1  bsp_key.o(.data)
    time_core                                0x20000162   Data           2  bsp_key.o(.data)
    long_press_time                          0x20000164   Data           2  bsp_key.o(.data)
    delay_mini_1                             0x20000166   Data           2  bsp_key.o(.data)
    delay_mini_2                             0x20000168   Data           2  bsp_key.o(.data)
    .data                                    0x2000016a   Section       10  bsp_bluetooth.o(.data)
    lastrecv                                 0x2000016a   Data           1  bsp_bluetooth.o(.data)
    filterIndex                              0x2000016b   Data           1  bsp_bluetooth.o(.data)
    statemachine                             0x2000016c   Data           1  bsp_bluetooth.o(.data)
    paramFlag                                0x2000016d   Data           1  bsp_bluetooth.o(.data)
    param_i                                  0x2000016e   Data           1  bsp_bluetooth.o(.data)
    param_j                                  0x2000016f   Data           1  bsp_bluetooth.o(.data)
    .data                                    0x20000174   Section       16  vl53l0x_it.o(.data)
    .data                                    0x20000184   Section       40  wit_c_sdk.o(.data)
    s_ucAddr                                 0x20000184   Data           1  wit_c_sdk.o(.data)
    p_WitSerialWriteFunc                     0x20000188   Data           4  wit_c_sdk.o(.data)
    p_WitI2cWriteFunc                        0x2000018c   Data           4  wit_c_sdk.o(.data)
    p_WitI2cReadFunc                         0x20000190   Data           4  wit_c_sdk.o(.data)
    p_WitCanWriteFunc                        0x20000194   Data           4  wit_c_sdk.o(.data)
    p_WitRegUpdateCbFunc                     0x20000198   Data           4  wit_c_sdk.o(.data)
    p_WitDelaymsFunc                         0x2000019c   Data           4  wit_c_sdk.o(.data)
    s_uiWitDataCnt                           0x200001a0   Data           4  wit_c_sdk.o(.data)
    s_uiProtoclo                             0x200001a4   Data           4  wit_c_sdk.o(.data)
    s_uiReadRegIndex                         0x200001a8   Data           4  wit_c_sdk.o(.data)
    .bss                                     0x200001ac   Section     1216  main.o(.bss)
    s_ucWitCmdData                           0x200001d0   Data          20  main.o(.bss)
    .bss                                     0x2000066c   Section       50  bsp_bluetooth.o(.bss)
    paramReceive                             0x2000066c   Data          50  bsp_bluetooth.o(.bss)
    .bss                                     0x2000069e   Section      544  wit_c_sdk.o(.bss)
    s_ucWitDataBuff                          0x2000069e   Data         256  wit_c_sdk.o(.bss)
    .bss                                     0x200008c0   Section       96  libspace.o(.bss)
    HEAP                                     0x20000920   Section      512  startup_stm32f40_41xxx.o(HEAP)
    Heap_Mem                                 0x20000920   Data         512  startup_stm32f40_41xxx.o(HEAP)
    STACK                                    0x20000b20   Section     1024  startup_stm32f40_41xxx.o(STACK)
    Stack_Mem                                0x20000b20   Data        1024  startup_stm32f40_41xxx.o(STACK)
    __initial_sp                             0x20000f20   Data           0  startup_stm32f40_41xxx.o(STACK)

    Global Symbols

    Symbol Name                              Value     Ov Type        Size  Object(Section)

    BuildAttributes$$THM_ISAv4$E$P$D$K$B$S$7EM$VFPi3$EXTD16$VFPS$VFMA$PE$A:L22UL41UL21$X:L11$S22US41US21$IEEE1$IW$USESV6$~STKCKD$USESV7$~SHL$OTIME$ROPI$IEEEX$EBA8$UX$STANDARDLIB$REQ8$PRES8$EABIv2 0x00000000   Number         0  anon$$obj.o ABSOLUTE
    __ARM_use_no_argv                        0x00000000   Number         0  main.o ABSOLUTE
    _printf_flags                            0x00000000   Number         0  printf_stubs.o ABSOLUTE
    _printf_return_value                     0x00000000   Number         0  printf_stubs.o ABSOLUTE
    _printf_sizespec                         0x00000000   Number         0  printf_stubs.o ABSOLUTE
    _printf_widthprec                        0x00000000   Number         0  printf_stubs.o ABSOLUTE
    __ARM_exceptions_init                     - Undefined Weak Reference
    __alloca_initialize                       - Undefined Weak Reference
    __arm_fini_                               - Undefined Weak Reference
    __arm_preinit_                            - Undefined Weak Reference
    __cpp_initialize__aeabi_                  - Undefined Weak Reference
    __cxa_finalize                            - Undefined Weak Reference
    __sigvec_lookup                           - Undefined Weak Reference
    _atexit_init                              - Undefined Weak Reference
    _call_atexit_fns                          - Undefined Weak Reference
    _clock_init                               - Undefined Weak Reference
    _fp_trap_init                             - Undefined Weak Reference
    _fp_trap_shutdown                         - Undefined Weak Reference
    _get_lc_collate                           - Undefined Weak Reference
    _get_lc_ctype                             - Undefined Weak Reference
    _get_lc_monetary                          - Undefined Weak Reference
    _get_lc_time                              - Undefined Weak Reference
    _getenv_init                              - Undefined Weak Reference
    _handle_redirection                       - Undefined Weak Reference
    _init_alloc                               - Undefined Weak Reference
    _init_user_alloc                          - Undefined Weak Reference
    _initio                                   - Undefined Weak Reference
    _mutex_acquire                            - Undefined Weak Reference
    _mutex_release                            - Undefined Weak Reference
    _printf_mbtowc                            - Undefined Weak Reference
    _printf_truncate_signed                   - Undefined Weak Reference
    _printf_truncate_unsigned                 - Undefined Weak Reference
    _rand_init                                - Undefined Weak Reference
    _signal_finish                            - Undefined Weak Reference
    _signal_init                              - Undefined Weak Reference
    _terminate_alloc                          - Undefined Weak Reference
    _terminate_user_alloc                     - Undefined Weak Reference
    _terminateio                              - Undefined Weak Reference
    __Vectors_Size                           0x00000188   Number         0  startup_stm32f40_41xxx.o ABSOLUTE
    __Vectors                                0x08000000   Data           4  startup_stm32f40_41xxx.o(RESET)
    __Vectors_End                            0x08000188   Data           0  startup_stm32f40_41xxx.o(RESET)
    __main                                   0x08000189   Thumb Code     8  __main.o(!!!main)
    __scatterload                            0x08000191   Thumb Code     0  __scatter.o(!!!scatter)
    __scatterload_rt2                        0x08000191   Thumb Code    44  __scatter.o(!!!scatter)
    __scatterload_rt2_thumb_only             0x08000191   Thumb Code     0  __scatter.o(!!!scatter)
    __scatterload_null                       0x0800019f   Thumb Code     0  __scatter.o(!!!scatter)
    __decompress                             0x080001c5   Thumb Code    90  __dczerorl2.o(!!dczerorl2)
    __decompress1                            0x080001c5   Thumb Code     0  __dczerorl2.o(!!dczerorl2)
    __scatterload_zeroinit                   0x08000221   Thumb Code    28  __scatter_zi.o(!!handler_zi)
    _printf_f                                0x0800023d   Thumb Code     0  _printf_f.o(.ARM.Collect$$_printf_percent$$00000003)
    _printf_percent                          0x0800023d   Thumb Code     0  _printf_percent.o(.ARM.Collect$$_printf_percent$$00000000)
    _printf_d                                0x08000243   Thumb Code     0  _printf_d.o(.ARM.Collect$$_printf_percent$$00000009)
    _printf_u                                0x08000249   Thumb Code     0  _printf_u.o(.ARM.Collect$$_printf_percent$$0000000A)
    _printf_percent_end                      0x0800024f   Thumb Code     0  _printf_percent_end.o(.ARM.Collect$$_printf_percent$$00000017)
    __rt_lib_init                            0x08000253   Thumb Code     0  libinit.o(.ARM.Collect$$libinit$$00000000)
    __rt_lib_init_fp_1                       0x08000255   Thumb Code     0  libinit2.o(.ARM.Collect$$libinit$$00000001)
    __rt_lib_init_heap_1                     0x08000259   Thumb Code     0  libinit2.o(.ARM.Collect$$libinit$$0000000A)
    __rt_lib_init_lc_common                  0x08000259   Thumb Code     0  libinit2.o(.ARM.Collect$$libinit$$0000000F)
    __rt_lib_init_preinit_1                  0x08000259   Thumb Code     0  libinit2.o(.ARM.Collect$$libinit$$00000004)
    __rt_lib_init_rand_1                     0x08000259   Thumb Code     0  libinit2.o(.ARM.Collect$$libinit$$0000000E)
    __rt_lib_init_user_alloc_1               0x08000259   Thumb Code     0  libinit2.o(.ARM.Collect$$libinit$$0000000C)
    __rt_lib_init_lc_collate_1               0x0800025f   Thumb Code     0  libinit2.o(.ARM.Collect$$libinit$$00000011)
    __rt_lib_init_lc_ctype_1                 0x0800025f   Thumb Code     0  libinit2.o(.ARM.Collect$$libinit$$00000013)
    __rt_lib_init_lc_monetary_1              0x0800025f   Thumb Code     0  libinit2.o(.ARM.Collect$$libinit$$00000015)
    __rt_lib_init_lc_numeric_2               0x0800025f   Thumb Code     0  libinit2.o(.ARM.Collect$$libinit$$00000016)
    __rt_lib_init_alloca_1                   0x08000269   Thumb Code     0  libinit2.o(.ARM.Collect$$libinit$$0000002E)
    __rt_lib_init_argv_1                     0x08000269   Thumb Code     0  libinit2.o(.ARM.Collect$$libinit$$0000002C)
    __rt_lib_init_atexit_1                   0x08000269   Thumb Code     0  libinit2.o(.ARM.Collect$$libinit$$0000001B)
    __rt_lib_init_clock_1                    0x08000269   Thumb Code     0  libinit2.o(.ARM.Collect$$libinit$$00000021)
    __rt_lib_init_cpp_1                      0x08000269   Thumb Code     0  libinit2.o(.ARM.Collect$$libinit$$00000032)
    __rt_lib_init_exceptions_1               0x08000269   Thumb Code     0  libinit2.o(.ARM.Collect$$libinit$$00000030)
    __rt_lib_init_fp_trap_1                  0x08000269   Thumb Code     0  libinit2.o(.ARM.Collect$$libinit$$0000001F)
    __rt_lib_init_getenv_1                   0x08000269   Thumb Code     0  libinit2.o(.ARM.Collect$$libinit$$00000023)
    __rt_lib_init_lc_numeric_1               0x08000269   Thumb Code     0  libinit2.o(.ARM.Collect$$libinit$$00000017)
    __rt_lib_init_lc_time_1                  0x08000269   Thumb Code     0  libinit2.o(.ARM.Collect$$libinit$$00000019)
    __rt_lib_init_return                     0x08000269   Thumb Code     0  libinit2.o(.ARM.Collect$$libinit$$00000033)
    __rt_lib_init_signal_1                   0x08000269   Thumb Code     0  libinit2.o(.ARM.Collect$$libinit$$0000001D)
    __rt_lib_init_stdio_1                    0x08000269   Thumb Code     0  libinit2.o(.ARM.Collect$$libinit$$00000025)
    __rt_lib_shutdown                        0x0800026b   Thumb Code     0  libshutdown.o(.ARM.Collect$$libshutdown$$00000000)
    __rt_lib_shutdown_cpp_1                  0x0800026d   Thumb Code     0  libshutdown2.o(.ARM.Collect$$libshutdown$$00000004)
    __rt_lib_shutdown_fini_1                 0x0800026d   Thumb Code     0  libshutdown2.o(.ARM.Collect$$libshutdown$$00000002)
    __rt_lib_shutdown_fp_trap_1              0x0800026d   Thumb Code     0  libshutdown2.o(.ARM.Collect$$libshutdown$$00000009)
    __rt_lib_shutdown_heap_1                 0x0800026d   Thumb Code     0  libshutdown2.o(.ARM.Collect$$libshutdown$$00000011)
    __rt_lib_shutdown_return                 0x0800026d   Thumb Code     0  libshutdown2.o(.ARM.Collect$$libshutdown$$00000012)
    __rt_lib_shutdown_signal_1               0x0800026d   Thumb Code     0  libshutdown2.o(.ARM.Collect$$libshutdown$$0000000C)
    __rt_lib_shutdown_stdio_1                0x0800026d   Thumb Code     0  libshutdown2.o(.ARM.Collect$$libshutdown$$00000006)
    __rt_lib_shutdown_user_alloc_1           0x0800026d   Thumb Code     0  libshutdown2.o(.ARM.Collect$$libshutdown$$0000000E)
    __rt_entry                               0x0800026f   Thumb Code     0  __rtentry.o(.ARM.Collect$$rtentry$$00000000)
    __rt_entry_presh_1                       0x0800026f   Thumb Code     0  __rtentry2.o(.ARM.Collect$$rtentry$$00000002)
    __rt_entry_sh                            0x0800026f   Thumb Code     0  __rtentry4.o(.ARM.Collect$$rtentry$$00000004)
    __rt_entry_li                            0x08000275   Thumb Code     0  __rtentry2.o(.ARM.Collect$$rtentry$$0000000A)
    __rt_entry_postsh_1                      0x08000275   Thumb Code     0  __rtentry2.o(.ARM.Collect$$rtentry$$00000009)
    __rt_entry_main                          0x08000279   Thumb Code     0  __rtentry2.o(.ARM.Collect$$rtentry$$0000000D)
    __rt_entry_postli_1                      0x08000279   Thumb Code     0  __rtentry2.o(.ARM.Collect$$rtentry$$0000000C)
    __rt_exit                                0x08000281   Thumb Code     0  rtexit.o(.ARM.Collect$$rtexit$$00000000)
    __rt_exit_ls                             0x08000283   Thumb Code     0  rtexit2.o(.ARM.Collect$$rtexit$$00000003)
    __rt_exit_prels_1                        0x08000283   Thumb Code     0  rtexit2.o(.ARM.Collect$$rtexit$$00000002)
    __rt_exit_exit                           0x08000287   Thumb Code     0  rtexit2.o(.ARM.Collect$$rtexit$$00000004)
    Reset_Handler                            0x0800028d   Thumb Code     8  startup_stm32f40_41xxx.o(.text)
    ADC_IRQHandler                           0x080002a7   Thumb Code     0  startup_stm32f40_41xxx.o(.text)
    CAN1_RX0_IRQHandler                      0x080002a7   Thumb Code     0  startup_stm32f40_41xxx.o(.text)
    CAN1_RX1_IRQHandler                      0x080002a7   Thumb Code     0  startup_stm32f40_41xxx.o(.text)
    CAN1_SCE_IRQHandler                      0x080002a7   Thumb Code     0  startup_stm32f40_41xxx.o(.text)
    CAN1_TX_IRQHandler                       0x080002a7   Thumb Code     0  startup_stm32f40_41xxx.o(.text)
    CAN2_RX0_IRQHandler                      0x080002a7   Thumb Code     0  startup_stm32f40_41xxx.o(.text)
    CAN2_RX1_IRQHandler                      0x080002a7   Thumb Code     0  startup_stm32f40_41xxx.o(.text)
    CAN2_SCE_IRQHandler                      0x080002a7   Thumb Code     0  startup_stm32f40_41xxx.o(.text)
    CAN2_TX_IRQHandler                       0x080002a7   Thumb Code     0  startup_stm32f40_41xxx.o(.text)
    CRYP_IRQHandler                          0x080002a7   Thumb Code     0  startup_stm32f40_41xxx.o(.text)
    DCMI_IRQHandler                          0x080002a7   Thumb Code     0  startup_stm32f40_41xxx.o(.text)
    DMA1_Stream0_IRQHandler                  0x080002a7   Thumb Code     0  startup_stm32f40_41xxx.o(.text)
    DMA1_Stream1_IRQHandler                  0x080002a7   Thumb Code     0  startup_stm32f40_41xxx.o(.text)
    DMA1_Stream2_IRQHandler                  0x080002a7   Thumb Code     0  startup_stm32f40_41xxx.o(.text)
    DMA1_Stream3_IRQHandler                  0x080002a7   Thumb Code     0  startup_stm32f40_41xxx.o(.text)
    DMA1_Stream4_IRQHandler                  0x080002a7   Thumb Code     0  startup_stm32f40_41xxx.o(.text)
    DMA1_Stream5_IRQHandler                  0x080002a7   Thumb Code     0  startup_stm32f40_41xxx.o(.text)
    DMA1_Stream6_IRQHandler                  0x080002a7   Thumb Code     0  startup_stm32f40_41xxx.o(.text)
    DMA1_Stream7_IRQHandler                  0x080002a7   Thumb Code     0  startup_stm32f40_41xxx.o(.text)
    DMA2_Stream0_IRQHandler                  0x080002a7   Thumb Code     0  startup_stm32f40_41xxx.o(.text)
    DMA2_Stream1_IRQHandler                  0x080002a7   Thumb Code     0  startup_stm32f40_41xxx.o(.text)
    DMA2_Stream2_IRQHandler                  0x080002a7   Thumb Code     0  startup_stm32f40_41xxx.o(.text)
    DMA2_Stream3_IRQHandler                  0x080002a7   Thumb Code     0  startup_stm32f40_41xxx.o(.text)
    DMA2_Stream4_IRQHandler                  0x080002a7   Thumb Code     0  startup_stm32f40_41xxx.o(.text)
    DMA2_Stream5_IRQHandler                  0x080002a7   Thumb Code     0  startup_stm32f40_41xxx.o(.text)
    DMA2_Stream6_IRQHandler                  0x080002a7   Thumb Code     0  startup_stm32f40_41xxx.o(.text)
    DMA2_Stream7_IRQHandler                  0x080002a7   Thumb Code     0  startup_stm32f40_41xxx.o(.text)
    ETH_IRQHandler                           0x080002a7   Thumb Code     0  startup_stm32f40_41xxx.o(.text)
    ETH_WKUP_IRQHandler                      0x080002a7   Thumb Code     0  startup_stm32f40_41xxx.o(.text)
    EXTI0_IRQHandler                         0x080002a7   Thumb Code     0  startup_stm32f40_41xxx.o(.text)
    EXTI15_10_IRQHandler                     0x080002a7   Thumb Code     0  startup_stm32f40_41xxx.o(.text)
    EXTI1_IRQHandler                         0x080002a7   Thumb Code     0  startup_stm32f40_41xxx.o(.text)
    EXTI2_IRQHandler                         0x080002a7   Thumb Code     0  startup_stm32f40_41xxx.o(.text)
    EXTI3_IRQHandler                         0x080002a7   Thumb Code     0  startup_stm32f40_41xxx.o(.text)
    EXTI9_5_IRQHandler                       0x080002a7   Thumb Code     0  startup_stm32f40_41xxx.o(.text)
    FLASH_IRQHandler                         0x080002a7   Thumb Code     0  startup_stm32f40_41xxx.o(.text)
    FPU_IRQHandler                           0x080002a7   Thumb Code     0  startup_stm32f40_41xxx.o(.text)
    FSMC_IRQHandler                          0x080002a7   Thumb Code     0  startup_stm32f40_41xxx.o(.text)
    HASH_RNG_IRQHandler                      0x080002a7   Thumb Code     0  startup_stm32f40_41xxx.o(.text)
    I2C1_ER_IRQHandler                       0x080002a7   Thumb Code     0  startup_stm32f40_41xxx.o(.text)
    I2C1_EV_IRQHandler                       0x080002a7   Thumb Code     0  startup_stm32f40_41xxx.o(.text)
    I2C2_ER_IRQHandler                       0x080002a7   Thumb Code     0  startup_stm32f40_41xxx.o(.text)
    I2C2_EV_IRQHandler                       0x080002a7   Thumb Code     0  startup_stm32f40_41xxx.o(.text)
    I2C3_ER_IRQHandler                       0x080002a7   Thumb Code     0  startup_stm32f40_41xxx.o(.text)
    I2C3_EV_IRQHandler                       0x080002a7   Thumb Code     0  startup_stm32f40_41xxx.o(.text)
    OTG_FS_IRQHandler                        0x080002a7   Thumb Code     0  startup_stm32f40_41xxx.o(.text)
    OTG_FS_WKUP_IRQHandler                   0x080002a7   Thumb Code     0  startup_stm32f40_41xxx.o(.text)
    OTG_HS_EP1_IN_IRQHandler                 0x080002a7   Thumb Code     0  startup_stm32f40_41xxx.o(.text)
    OTG_HS_EP1_OUT_IRQHandler                0x080002a7   Thumb Code     0  startup_stm32f40_41xxx.o(.text)
    OTG_HS_IRQHandler                        0x080002a7   Thumb Code     0  startup_stm32f40_41xxx.o(.text)
    OTG_HS_WKUP_IRQHandler                   0x080002a7   Thumb Code     0  startup_stm32f40_41xxx.o(.text)
    PVD_IRQHandler                           0x080002a7   Thumb Code     0  startup_stm32f40_41xxx.o(.text)
    RCC_IRQHandler                           0x080002a7   Thumb Code     0  startup_stm32f40_41xxx.o(.text)
    RTC_Alarm_IRQHandler                     0x080002a7   Thumb Code     0  startup_stm32f40_41xxx.o(.text)
    RTC_WKUP_IRQHandler                      0x080002a7   Thumb Code     0  startup_stm32f40_41xxx.o(.text)
    SDIO_IRQHandler                          0x080002a7   Thumb Code     0  startup_stm32f40_41xxx.o(.text)
    SPI1_IRQHandler                          0x080002a7   Thumb Code     0  startup_stm32f40_41xxx.o(.text)
    SPI2_IRQHandler                          0x080002a7   Thumb Code     0  startup_stm32f40_41xxx.o(.text)
    SPI3_IRQHandler                          0x080002a7   Thumb Code     0  startup_stm32f40_41xxx.o(.text)
    TAMP_STAMP_IRQHandler                    0x080002a7   Thumb Code     0  startup_stm32f40_41xxx.o(.text)
    TIM1_BRK_TIM9_IRQHandler                 0x080002a7   Thumb Code     0  startup_stm32f40_41xxx.o(.text)
    TIM1_CC_IRQHandler                       0x080002a7   Thumb Code     0  startup_stm32f40_41xxx.o(.text)
    TIM1_TRG_COM_TIM11_IRQHandler            0x080002a7   Thumb Code     0  startup_stm32f40_41xxx.o(.text)
    TIM1_UP_TIM10_IRQHandler                 0x080002a7   Thumb Code     0  startup_stm32f40_41xxx.o(.text)
    TIM2_IRQHandler                          0x080002a7   Thumb Code     0  startup_stm32f40_41xxx.o(.text)
    TIM3_IRQHandler                          0x080002a7   Thumb Code     0  startup_stm32f40_41xxx.o(.text)
    TIM4_IRQHandler                          0x080002a7   Thumb Code     0  startup_stm32f40_41xxx.o(.text)
    TIM5_IRQHandler                          0x080002a7   Thumb Code     0  startup_stm32f40_41xxx.o(.text)
    TIM6_DAC_IRQHandler                      0x080002a7   Thumb Code     0  startup_stm32f40_41xxx.o(.text)
    TIM8_BRK_TIM12_IRQHandler                0x080002a7   Thumb Code     0  startup_stm32f40_41xxx.o(.text)
    TIM8_CC_IRQHandler                       0x080002a7   Thumb Code     0  startup_stm32f40_41xxx.o(.text)
    TIM8_TRG_COM_TIM14_IRQHandler            0x080002a7   Thumb Code     0  startup_stm32f40_41xxx.o(.text)
    TIM8_UP_TIM13_IRQHandler                 0x080002a7   Thumb Code     0  startup_stm32f40_41xxx.o(.text)
    UART5_IRQHandler                         0x080002a7   Thumb Code     0  startup_stm32f40_41xxx.o(.text)
    USART1_IRQHandler                        0x080002a7   Thumb Code     0  startup_stm32f40_41xxx.o(.text)
    USART3_IRQHandler                        0x080002a7   Thumb Code     0  startup_stm32f40_41xxx.o(.text)
    USART6_IRQHandler                        0x080002a7   Thumb Code     0  startup_stm32f40_41xxx.o(.text)
    WWDG_IRQHandler                          0x080002a7   Thumb Code     0  startup_stm32f40_41xxx.o(.text)
    __user_initial_stackheap                 0x080002a9   Thumb Code     0  startup_stm32f40_41xxx.o(.text)
    __use_no_semihosting                     0x080002cd   Thumb Code     2  use_no_semi_2.o(.text)
    __2printf                                0x080002d1   Thumb Code    20  noretval__2printf.o(.text)
    __2sprintf                               0x080002e9   Thumb Code    34  noretval__2sprintf.o(.text)
    _printf_int_dec                          0x08000311   Thumb Code   104  _printf_dec.o(.text)
    __printf                                 0x08000389   Thumb Code   388  __printf_flags_ss_wp.o(.text)
    strlen                                   0x08000511   Thumb Code    62  strlen.o(.text)
    __aeabi_memcpy                           0x0800054f   Thumb Code     0  rt_memcpy_v6.o(.text)
    __rt_memcpy                              0x0800054f   Thumb Code   138  rt_memcpy_v6.o(.text)
    _memcpy_lastbytes                        0x080005b5   Thumb Code     0  rt_memcpy_v6.o(.text)
    __aeabi_memcpy4                          0x080005d9   Thumb Code     0  rt_memcpy_w.o(.text)
    __aeabi_memcpy8                          0x080005d9   Thumb Code     0  rt_memcpy_w.o(.text)
    __rt_memcpy_w                            0x080005d9   Thumb Code   100  rt_memcpy_w.o(.text)
    _memcpy_lastbytes_aligned                0x08000621   Thumb Code     0  rt_memcpy_w.o(.text)
    __aeabi_memclr                           0x0800063d   Thumb Code     0  rt_memclr.o(.text)
    __rt_memclr                              0x0800063d   Thumb Code    68  rt_memclr.o(.text)
    _memset                                  0x08000641   Thumb Code     0  rt_memclr.o(.text)
    __aeabi_memclr4                          0x08000681   Thumb Code     0  rt_memclr_w.o(.text)
    __aeabi_memclr8                          0x08000681   Thumb Code     0  rt_memclr_w.o(.text)
    __rt_memclr_w                            0x08000681   Thumb Code    78  rt_memclr_w.o(.text)
    _memset_w                                0x08000685   Thumb Code     0  rt_memclr_w.o(.text)
    strcmp                                   0x080006d1   Thumb Code   128  strcmpv7m.o(.text)
    __use_two_region_memory                  0x08000751   Thumb Code     2  heapauxi.o(.text)
    __rt_heap_escrow$2region                 0x08000753   Thumb Code     2  heapauxi.o(.text)
    __rt_heap_expand$2region                 0x08000755   Thumb Code     2  heapauxi.o(.text)
    __I$use$semihosting                      0x08000757   Thumb Code     0  use_no_semi.o(.text)
    __use_no_semihosting_swi                 0x08000757   Thumb Code     2  use_no_semi.o(.text)
    _printf_int_common                       0x08000759   Thumb Code   178  _printf_intcommon.o(.text)
    __lib_sel_fp_printf                      0x0800080b   Thumb Code     2  _printf_fp_dec.o(.text)
    _printf_fp_dec_real                      0x080009bd   Thumb Code   620  _printf_fp_dec.o(.text)
    _printf_char_common                      0x08000c33   Thumb Code    32  _printf_char_common.o(.text)
    _sputc                                   0x08000c59   Thumb Code    10  _sputc.o(.text)
    _printf_char_file                        0x08000c65   Thumb Code    32  _printf_char_file.o(.text)
    __rt_locale                              0x08000c89   Thumb Code     8  rt_locale_intlibspace.o(.text)
    _ll_udiv10                               0x08000c91   Thumb Code   138  lludiv10.o(.text)
    _printf_fp_infnan                        0x08000d1d   Thumb Code   112  _printf_fp_infnan.o(.text)
    _btod_etento                             0x08000d9d   Thumb Code   224  bigflt0.o(.text)
    ferror                                   0x08000e81   Thumb Code     8  ferror.o(.text)
    __user_libspace                          0x08000e89   Thumb Code     8  libspace.o(.text)
    __user_perproc_libspace                  0x08000e89   Thumb Code     0  libspace.o(.text)
    __user_perthread_libspace                0x08000e89   Thumb Code     0  libspace.o(.text)
    __user_setup_stackheap                   0x08000e91   Thumb Code    74  sys_stackheap_outer.o(.text)
    exit                                     0x08000edb   Thumb Code    18  exit.o(.text)
    _btod_d2e                                0x08000eed   Thumb Code    62  btod.o(CL$$btod_d2e)
    _d2e_denorm_low                          0x08000f2b   Thumb Code    70  btod.o(CL$$btod_d2e_denorm_low)
    _d2e_norm_op1                            0x08000f71   Thumb Code    96  btod.o(CL$$btod_d2e_norm_op1)
    __btod_div_common                        0x08000fd1   Thumb Code   696  btod.o(CL$$btod_div_common)
    _e2e                                     0x08001309   Thumb Code   220  btod.o(CL$$btod_e2e)
    _btod_ediv                               0x080013e5   Thumb Code    42  btod.o(CL$$btod_ediv)
    _btod_emul                               0x0800140f   Thumb Code    42  btod.o(CL$$btod_emul)
    __btod_mult_common                       0x08001439   Thumb Code   580  btod.o(CL$$btod_mult_common)
    ADC_Cmd                                  0x0800167d   Thumb Code    24  stm32f4xx_adc.o(i.ADC_Cmd)
    ADC_CommonInit                           0x08001695   Thumb Code    30  stm32f4xx_adc.o(i.ADC_CommonInit)
    ADC_GetConversionValue                   0x080016bd   Thumb Code     6  stm32f4xx_adc.o(i.ADC_GetConversionValue)
    ADC_GetFlagStatus                        0x080016c3   Thumb Code    14  stm32f4xx_adc.o(i.ADC_GetFlagStatus)
    ADC_Init                                 0x080016d1   Thumb Code    66  stm32f4xx_adc.o(i.ADC_Init)
    ADC_RegularChannelConfig                 0x0800171d   Thumb Code   116  stm32f4xx_adc.o(i.ADC_RegularChannelConfig)
    ADC_SoftwareStartConv                    0x08001791   Thumb Code    10  stm32f4xx_adc.o(i.ADC_SoftwareStartConv)
    Adc_Init                                 0x080018e1   Thumb Code   118  bsp_adc.o(i.Adc_Init)
    AnglePID                                 0x08001961   Thumb Code   388  main.o(i.AnglePID)
    Angle_to_PWM                             0x08001b0d   Thumb Code    82  main.o(i.Angle_to_PWM)
    AppSendData                              0x08001b75   Thumb Code    30  main.o(i.AppSendData)
    BlueToothAPPDecode                       0x08001b99   Thumb Code   462  bsp_bluetooth.o(i.BlueToothAPPDecode)
    BusFault_Handler                         0x08001d85   Thumb Code     2  stm32f4xx_it.o(i.BusFault_Handler)
    Buzzer_Init                              0x08001d89   Thumb Code    48  bsp_buzzer.o(i.Buzzer_Init)
    DebugMon_Handler                         0x08001e75   Thumb Code     2  stm32f4xx_it.o(i.DebugMon_Handler)
    EXTI4_IRQHandler                         0x08001e79   Thumb Code    12  vl53l0x_it.o(i.EXTI4_IRQHandler)
    EXTI_ClearITPendingBit                   0x08001e89   Thumb Code     6  stm32f4xx_exti.o(i.EXTI_ClearITPendingBit)
    Encoder_Init_TIM2                        0x08001e95   Thumb Code   194  bsp_encoder.o(i.Encoder_Init_TIM2)
    Encoder_Init_TIM3                        0x08001f61   Thumb Code   162  bsp_encoder.o(i.Encoder_Init_TIM3)
    Encoder_Init_TIM4                        0x0800200d   Thumb Code   162  bsp_encoder.o(i.Encoder_Init_TIM4)
    Encoder_Init_TIM5                        0x080020b9   Thumb Code   160  bsp_encoder.o(i.Encoder_Init_TIM5)
    GPIO_IN_Init                             0x08002161   Thumb Code    42  gpio_inout.o(i.GPIO_IN_Init)
    GPIO_Init                                0x08002191   Thumb Code   124  stm32f4xx_gpio.o(i.GPIO_Init)
    GPIO_PinAFConfig                         0x0800220d   Thumb Code    32  stm32f4xx_gpio.o(i.GPIO_PinAFConfig)
    Get_Adc                                  0x0800222d   Thumb Code    44  bsp_adc.o(i.Get_Adc)
    HardFault_Handler                        0x0800225d   Thumb Code     2  stm32f4xx_it.o(i.HardFault_Handler)
    Incremental_PI_A                         0x08002261   Thumb Code    94  main.o(i.Incremental_PI_A)
    Incremental_PI_B                         0x080022d5   Thumb Code    98  main.o(i.Incremental_PI_B)
    Incremental_PI_C                         0x0800234d   Thumb Code    98  main.o(i.Incremental_PI_C)
    Incremental_PI_D                         0x080023c5   Thumb Code    98  main.o(i.Incremental_PI_D)
    KEY_Init                                 0x0800243d   Thumb Code    72  bsp_key.o(i.KEY_Init)
    KEY_Scan                                 0x0800248d   Thumb Code   248  bsp_key.o(i.KEY_Scan)
    LED_Init                                 0x0800259d   Thumb Code    48  bsp_led.o(i.LED_Init)
    MemManage_Handler                        0x080025d1   Thumb Code     2  stm32f4xx_it.o(i.MemManage_Handler)
    NMI_Handler                              0x080025d3   Thumb Code     2  stm32f4xx_it.o(i.NMI_Handler)
    NVIC_Init                                0x080025d5   Thumb Code    98  misc.o(i.NVIC_Init)
    NVIC_PriorityGroupConfig                 0x0800263d   Thumb Code    10  misc.o(i.NVIC_PriorityGroupConfig)
    PID_Init                                 0x08002651   Thumb Code    68  pid_study.o(i.PID_Init)
    PID_Iterate                              0x0800269d   Thumb Code   252  pid_study.o(i.PID_Iterate)
    PendSV_Handler                           0x0800279d   Thumb Code     2  stm32f4xx_it.o(i.PendSV_Handler)
    RCC_AHB1PeriphClockCmd                   0x080027a1   Thumb Code    22  stm32f4xx_rcc.o(i.RCC_AHB1PeriphClockCmd)
    RCC_APB1PeriphClockCmd                   0x080027bd   Thumb Code    22  stm32f4xx_rcc.o(i.RCC_APB1PeriphClockCmd)
    RCC_APB2PeriphClockCmd                   0x080027d9   Thumb Code    22  stm32f4xx_rcc.o(i.RCC_APB2PeriphClockCmd)
    RCC_APB2PeriphResetCmd                   0x080027f5   Thumb Code    22  stm32f4xx_rcc.o(i.RCC_APB2PeriphResetCmd)
    RCC_GetClocksFreq                        0x08002811   Thumb Code   148  stm32f4xx_rcc.o(i.RCC_GetClocksFreq)
    Read_Encoder                             0x080028b1   Thumb Code    64  bsp_encoder.o(i.Read_Encoder)
    SVC_Handler                              0x080028fd   Thumb Code     2  stm32f4xx_it.o(i.SVC_Handler)
    Set_Pwm                                  0x080029b9   Thumb Code    88  bsp_motor.o(i.Set_Pwm)
    SysTick_Handler                          0x08002a21   Thumb Code    10  delay.o(i.SysTick_Handler)
    SysTick_Init                             0x08002a31   Thumb Code    72  delay.o(i.SysTick_Init)
    SystemInit                               0x08002a89   Thumb Code    74  system_stm32f4xx.o(i.SystemInit)
    TIM10_PWM_Init                           0x08002bb1   Thumb Code   152  bsp_motor.o(i.TIM10_PWM_Init)
    TIM11_PWM_Init                           0x08002c51   Thumb Code   160  bsp_motor.o(i.TIM11_PWM_Init)
    TIM12_SERVO_Init                         0x08002cf9   Thumb Code   186  bsp_motor.o(i.TIM12_SERVO_Init)
    TIM1_PWM_Init                            0x08002dbd   Thumb Code   240  bsp_motor.o(i.TIM1_PWM_Init)
    TIM7_IRQHandler                          0x08002eb5   Thumb Code  1104  main.o(i.TIM7_IRQHandler)
    TIM7_Init                                0x08003305   Thumb Code    88  bsp_tim.o(i.TIM7_Init)
    TIM8_SERVO_Init                          0x08003361   Thumb Code   238  bsp_motor.o(i.TIM8_SERVO_Init)
    TIM9_PWM_Init                            0x08003459   Thumb Code   180  bsp_motor.o(i.TIM9_PWM_Init)
    TIM_ARRPreloadConfig                     0x08003515   Thumb Code    24  stm32f4xx_tim.o(i.TIM_ARRPreloadConfig)
    TIM_ClearITPendingBit                    0x0800352d   Thumb Code     6  stm32f4xx_tim.o(i.TIM_ClearITPendingBit)
    TIM_Cmd                                  0x08003533   Thumb Code    24  stm32f4xx_tim.o(i.TIM_Cmd)
    TIM_CtrlPWMOutputs                       0x0800354b   Thumb Code    28  stm32f4xx_tim.o(i.TIM_CtrlPWMOutputs)
    TIM_EncoderInterfaceConfig               0x08003567   Thumb Code    50  stm32f4xx_tim.o(i.TIM_EncoderInterfaceConfig)
    TIM_GetITStatus                          0x08003599   Thumb Code    24  stm32f4xx_tim.o(i.TIM_GetITStatus)
    TIM_ICInit                               0x080035b1   Thumb Code    98  stm32f4xx_tim.o(i.TIM_ICInit)
    TIM_ICStructInit                         0x08003613   Thumb Code    16  stm32f4xx_tim.o(i.TIM_ICStructInit)
    TIM_ITConfig                             0x08003623   Thumb Code    20  stm32f4xx_tim.o(i.TIM_ITConfig)
    TIM_OC1Init                              0x08003639   Thumb Code    96  stm32f4xx_tim.o(i.TIM_OC1Init)
    TIM_OC1PreloadConfig                     0x080036a1   Thumb Code    12  stm32f4xx_tim.o(i.TIM_OC1PreloadConfig)
    TIM_OC2Init                              0x080036ad   Thumb Code   128  stm32f4xx_tim.o(i.TIM_OC2Init)
    TIM_OC2PreloadConfig                     0x08003735   Thumb Code    20  stm32f4xx_tim.o(i.TIM_OC2PreloadConfig)
    TIM_OC3Init                              0x08003749   Thumb Code   124  stm32f4xx_tim.o(i.TIM_OC3Init)
    TIM_OC3PreloadConfig                     0x080037cd   Thumb Code    12  stm32f4xx_tim.o(i.TIM_OC3PreloadConfig)
    TIM_OC4Init                              0x080037d9   Thumb Code    92  stm32f4xx_tim.o(i.TIM_OC4Init)
    TIM_OC4PreloadConfig                     0x0800383d   Thumb Code    20  stm32f4xx_tim.o(i.TIM_OC4PreloadConfig)
    TIM_SetCounter                           0x08003851   Thumb Code     4  stm32f4xx_tim.o(i.TIM_SetCounter)
    TIM_SetIC1Prescaler                      0x08003855   Thumb Code    16  stm32f4xx_tim.o(i.TIM_SetIC1Prescaler)
    TIM_SetIC2Prescaler                      0x08003865   Thumb Code    24  stm32f4xx_tim.o(i.TIM_SetIC2Prescaler)
    TIM_SetIC3Prescaler                      0x0800387d   Thumb Code    16  stm32f4xx_tim.o(i.TIM_SetIC3Prescaler)
    TIM_SetIC4Prescaler                      0x0800388d   Thumb Code    24  stm32f4xx_tim.o(i.TIM_SetIC4Prescaler)
    TIM_TimeBaseInit                         0x080038a5   Thumb Code    96  stm32f4xx_tim.o(i.TIM_TimeBaseInit)
    TIM_TimeBaseStructInit                   0x08003921   Thumb Code    18  stm32f4xx_tim.o(i.TIM_TimeBaseStructInit)
    UART4_IRQHandler                         0x08003935   Thumb Code    46  bsp_wit_uart4.o(i.UART4_IRQHandler)
    USART2_IRQHandler                        0x08003969   Thumb Code    54  main.o(i.USART2_IRQHandler)
    USART_ClearITPendingBit                  0x080039a5   Thumb Code    16  stm32f4xx_usart.o(i.USART_ClearITPendingBit)
    USART_Cmd                                0x080039b5   Thumb Code    24  stm32f4xx_usart.o(i.USART_Cmd)
    USART_GetFlagStatus                      0x080039cd   Thumb Code    14  stm32f4xx_usart.o(i.USART_GetFlagStatus)
    USART_GetITStatus                        0x080039db   Thumb Code    64  stm32f4xx_usart.o(i.USART_GetITStatus)
    USART_ITConfig                           0x08003a1b   Thumb Code    54  stm32f4xx_usart.o(i.USART_ITConfig)
    USART_Init                               0x08003a51   Thumb Code   180  stm32f4xx_usart.o(i.USART_Init)
    USART_ReceiveData                        0x08003b0d   Thumb Code     8  stm32f4xx_usart.o(i.USART_ReceiveData)
    USART_SendData                           0x08003b15   Thumb Code     8  stm32f4xx_usart.o(i.USART_SendData)
    Uart4Send                                0x08003b1d   Thumb Code    58  bsp_wit_uart4.o(i.Uart4Send)
    UsageFault_Handler                       0x08003b5d   Thumb Code     2  stm32f4xx_it.o(i.UsageFault_Handler)
    User_GetSysTickTime                      0x08003b61   Thumb Code     6  delay.o(i.User_GetSysTickTime)
    WitDelayMsRegister                       0x08003bc1   Thumb Code    18  wit_c_sdk.o(i.WitDelayMsRegister)
    WitInit                                  0x08003bdd   Thumb Code    22  wit_c_sdk.o(i.WitInit)
    WitReadReg                               0x08003bf9   Thumb Code   350  wit_c_sdk.o(i.WitReadReg)
    WitRegisterCallBack                      0x08003d61   Thumb Code    18  wit_c_sdk.o(i.WitRegisterCallBack)
    WitSerialDataIn                          0x08003dbd   Thumb Code   300  wit_c_sdk.o(i.WitSerialDataIn)
    WitSerialWriteRegister                   0x08003ef5   Thumb Code    18  wit_c_sdk.o(i.WitSerialWriteRegister)
    WitStartIYAWCali                         0x08003f0d   Thumb Code    66  wit_c_sdk.o(i.WitStartIYAWCali)
    WitStartRKMODECali                       0x08003f55   Thumb Code    66  wit_c_sdk.o(i.WitStartRKMODECali)
    WitStopRKMODECali                        0x08003f9d   Thumb Code    66  wit_c_sdk.o(i.WitStopRKMODECali)
    WitUart4Init                             0x08003fe5   Thumb Code   170  bsp_wit_uart4.o(i.WitUart4Init)
    WitWriteReg                              0x08004099   Thumb Code   232  wit_c_sdk.o(i.WitWriteReg)
    __ARM_fpclassify                         0x080044fd   Thumb Code    48  fpclassify.o(i.__ARM_fpclassify)
    _is_digit                                0x08004571   Thumb Code    14  __printf_wp.o(i._is_digit)
    _sys_exit                                0x0800457f   Thumb Code     2  usart.o(i._sys_exit)
    delay_ms                                 0x08004581   Thumb Code    36  delay.o(i.delay_ms)
    fputc                                    0x080045b1   Thumb Code    18  usart.o(i.fputc)
    main                                     0x080045c9   Thumb Code  2894  main.o(i.main)
    target_limit_float                       0x08005145   Thumb Code    32  main.o(i.target_limit_float)
    target_limit_int                         0x08005165   Thumb Code    16  main.o(i.target_limit_int)
    uart2_init                               0x08005175   Thumb Code   162  bsp_bluetooth.o(i.uart2_init)
    _get_lc_numeric                          0x08005221   Thumb Code    44  lc_numeric_c.o(locale$$code)
    __fpl_dretinf                            0x0800524d   Thumb Code    12  dretinf.o(x$fpl$dretinf)
    __aeabi_f2d                              0x08005259   Thumb Code     0  f2d.o(x$fpl$f2d)
    _f2d                                     0x08005259   Thumb Code    86  f2d.o(x$fpl$f2d)
    __fpl_fnaninf                            0x080052af   Thumb Code   140  fnaninf.o(x$fpl$fnaninf)
    _fp_init                                 0x0800533b   Thumb Code    10  fpinit.o(x$fpl$fpinit)
    __fplib_config_fpu_vfp                   0x08005343   Thumb Code     0  fpinit.o(x$fpl$fpinit)
    __fplib_config_pureend_doubles           0x08005343   Thumb Code     0  fpinit.o(x$fpl$fpinit)
    _printf_fp_dec                           0x08005345   Thumb Code     4  printf1.o(x$fpl$printf1)
    __I$use$fp                               0x08005348   Number         0  usenofp.o(x$fpl$usenofp)
    Region$$Table$$Base                      0x08005618   Number         0  anon$$obj.o(Region$$Table)
    Region$$Table$$Limit                     0x08005638   Number         0  anon$$obj.o(Region$$Table)
    ADC_StartFlag                            0x20000002   Data           1  main.o(.data)
    BuzzerTipsTime                           0x20000003   Data           1  main.o(.data)
    PositionPID_Enable                       0x20000004   Data           1  main.o(.data)
    PositionPID_Done                         0x20000005   Data           1  main.o(.data)
    EncoderResetFlag                         0x20000006   Data           1  main.o(.data)
    TimeSonicFlage                           0x20000007   Data           1  main.o(.data)
    Omega_TIM_ONE                            0x20000008   Data           1  main.o(.data)
    MotorA                                   0x2000000c   Data           4  main.o(.data)
    MotorB                                   0x20000010   Data           4  main.o(.data)
    MotorC                                   0x20000014   Data           4  main.o(.data)
    MotorD                                   0x20000018   Data           4  main.o(.data)
    EncoderA                                 0x2000001c   Data           4  main.o(.data)
    EncoderB                                 0x20000020   Data           4  main.o(.data)
    EncoderC                                 0x20000024   Data           4  main.o(.data)
    EncoderD                                 0x20000028   Data           4  main.o(.data)
    MotorArpm                                0x2000002c   Data           4  main.o(.data)
    MotorBrpm                                0x20000030   Data           4  main.o(.data)
    MotorCrpm                                0x20000034   Data           4  main.o(.data)
    MotorDrpm                                0x20000038   Data           4  main.o(.data)
    TargetArpm                               0x2000003c   Data           4  main.o(.data)
    TargetBrpm                               0x20000040   Data           4  main.o(.data)
    TargetCrpm                               0x20000044   Data           4  main.o(.data)
    TargetDrpm                               0x20000048   Data           4  main.o(.data)
    VxRpm                                    0x2000004c   Data           4  main.o(.data)
    VyRpm                                    0x20000050   Data           4  main.o(.data)
    VzRpm                                    0x20000054   Data           4  main.o(.data)
    VxRpmTaget                               0x20000058   Data           4  main.o(.data)
    Vx_Step                                  0x2000005c   Data           4  main.o(.data)
    EncoderTotal_A                           0x20000060   Data           4  main.o(.data)
    EncoderTotal_B                           0x20000064   Data           4  main.o(.data)
    EncoderTotal_C                           0x20000068   Data           4  main.o(.data)
    EncoderTotal_D                           0x2000006c   Data           4  main.o(.data)
    PositionTarget_mm                        0x20000070   Data           4  main.o(.data)
    DistanceTraveled_mm                      0x20000074   Data           4  main.o(.data)
    Time0                                    0x20000078   Data           4  main.o(.data)
    Time0Flage                               0x2000007c   Data           4  main.o(.data)
    TimeSonicL                               0x20000080   Data           4  main.o(.data)
    TimeSonicR                               0x20000084   Data           4  main.o(.data)
    Omega_Test_PID                           0x20000088   Data           4  main.o(.data)
    Velocity_KP                              0x2000008c   Data           4  main.o(.data)
    Velocity_KI                              0x20000090   Data           4  main.o(.data)
    Angle_Kp                                 0x20000094   Data           4  main.o(.data)
    Angle_Ki                                 0x20000098   Data           4  main.o(.data)
    Angle_Kd                                 0x2000009c   Data           4  main.o(.data)
    YawTarget                                0x200000a0   Data           4  main.o(.data)
    YawAct                                   0x200000a4   Data           4  main.o(.data)
    YawAng_out                               0x200000a8   Data           4  main.o(.data)
    Car_ON                                   0x200000ac   Data           4  main.o(.data)
    NEXT_ROW                                 0x200000b0   Data           4  main.o(.data)
    NEXT_ROWFlag                             0x200000b4   Data           4  main.o(.data)
    target_angle_X                           0x200000b8   Data           4  main.o(.data)
    target_angle_Y                           0x200000bc   Data           4  main.o(.data)
    target_angle_D                           0x200000c0   Data           4  main.o(.data)
    target_angle_C                           0x200000c4   Data           4  main.o(.data)
    target_angle_A                           0x200000c8   Data           4  main.o(.data)
    target_angle_B                           0x200000cc   Data           4  main.o(.data)
    robotVol                                 0x20000124   Data           4  main.o(.data)
    SystemCoreClock                          0x20000128   Data           4  system_stm32f4xx.o(.data)
    AHBPrescTable                            0x2000012c   Data          16  system_stm32f4xx.o(.data)
    __stdout                                 0x2000015c   Data           4  usart.o(.data)
    wheeltecApp                              0x20000170   Data           4  bsp_bluetooth.o(.data)
    alarm_flag                               0x20000174   Data           1  vl53l0x_it.o(.data)
    AlarmModes                               0x20000178   Data          12  vl53l0x_it.o(.data)
    WitAcc                                   0x200001ac   Data          12  main.o(.bss)
    WitGyro                                  0x200001b8   Data          12  main.o(.bss)
    WitAngle                                 0x200001c4   Data          12  main.o(.bss)
    app_page1                                0x200001e4   Data        1024  main.o(.bss)
    pid_KGain_Position                       0x200005e4   Data          12  main.o(.bss)
    pid_state_Position                       0x200005f0   Data          56  main.o(.bss)
    pid_KGain_Omega                          0x20000628   Data          12  main.o(.bss)
    pid_state_Omega                          0x20000634   Data          56  main.o(.bss)
    sReg                                     0x2000079e   Data         288  wit_c_sdk.o(.bss)
    __libspace_start                         0x200008c0   Data          96  libspace.o(.bss)
    __temporary_stack_top$libspace           0x20000920   Data           0  libspace.o(.bss)



==============================================================================

Memory Map of the image

  Image Entry point : 0x08000189

  Load Region LR_IROM1 (Base: 0x08000000, Size: 0x00005800, Max: 0x00080000, ABSOLUTE, COMPRESSED[0x000056a8])

    Execution Region ER_IROM1 (Exec base: 0x08000000, Load base: 0x08000000, Size: 0x00005654, Max: 0x00080000, ABSOLUTE)

    Exec Addr    Load Addr    Size         Type   Attr      Idx    E Section Name        Object

    0x08000000   0x08000000   0x00000188   Data   RO          448    RESET               startup_stm32f40_41xxx.o
    0x08000188   0x08000188   0x00000008   Code   RO         4991  * !!!main             c_w.l(__main.o)
    0x08000190   0x08000190   0x00000034   Code   RO         5357    !!!scatter          c_w.l(__scatter.o)
    0x080001c4   0x080001c4   0x0000005a   Code   RO         5355    !!dczerorl2         c_w.l(__dczerorl2.o)
    0x0800021e   0x0800021e   0x00000002   PAD
    0x08000220   0x08000220   0x0000001c   Code   RO         5359    !!handler_zi        c_w.l(__scatter_zi.o)
    0x0800023c   0x0800023c   0x00000000   Code   RO         4974    .ARM.Collect$$_printf_percent$$00000000  c_w.l(_printf_percent.o)
    0x0800023c   0x0800023c   0x00000006   Code   RO         4973    .ARM.Collect$$_printf_percent$$00000003  c_w.l(_printf_f.o)
    0x08000242   0x08000242   0x00000006   Code   RO         4971    .ARM.Collect$$_printf_percent$$00000009  c_w.l(_printf_d.o)
    0x08000248   0x08000248   0x00000006   Code   RO         4972    .ARM.Collect$$_printf_percent$$0000000A  c_w.l(_printf_u.o)
    0x0800024e   0x0800024e   0x00000004   Code   RO         5062    .ARM.Collect$$_printf_percent$$00000017  c_w.l(_printf_percent_end.o)
    0x08000252   0x08000252   0x00000002   Code   RO         5230    .ARM.Collect$$libinit$$00000000  c_w.l(libinit.o)
    0x08000254   0x08000254   0x00000004   Code   RO         5231    .ARM.Collect$$libinit$$00000001  c_w.l(libinit2.o)
    0x08000258   0x08000258   0x00000000   Code   RO         5234    .ARM.Collect$$libinit$$00000004  c_w.l(libinit2.o)
    0x08000258   0x08000258   0x00000000   Code   RO         5237    .ARM.Collect$$libinit$$0000000A  c_w.l(libinit2.o)
    0x08000258   0x08000258   0x00000000   Code   RO         5239    .ARM.Collect$$libinit$$0000000C  c_w.l(libinit2.o)
    0x08000258   0x08000258   0x00000000   Code   RO         5241    .ARM.Collect$$libinit$$0000000E  c_w.l(libinit2.o)
    0x08000258   0x08000258   0x00000006   Code   RO         5242    .ARM.Collect$$libinit$$0000000F  c_w.l(libinit2.o)
    0x0800025e   0x0800025e   0x00000000   Code   RO         5244    .ARM.Collect$$libinit$$00000011  c_w.l(libinit2.o)
    0x0800025e   0x0800025e   0x00000000   Code   RO         5246    .ARM.Collect$$libinit$$00000013  c_w.l(libinit2.o)
    0x0800025e   0x0800025e   0x00000000   Code   RO         5248    .ARM.Collect$$libinit$$00000015  c_w.l(libinit2.o)
    0x0800025e   0x0800025e   0x0000000a   Code   RO         5249    .ARM.Collect$$libinit$$00000016  c_w.l(libinit2.o)
    0x08000268   0x08000268   0x00000000   Code   RO         5250    .ARM.Collect$$libinit$$00000017  c_w.l(libinit2.o)
    0x08000268   0x08000268   0x00000000   Code   RO         5252    .ARM.Collect$$libinit$$00000019  c_w.l(libinit2.o)
    0x08000268   0x08000268   0x00000000   Code   RO         5254    .ARM.Collect$$libinit$$0000001B  c_w.l(libinit2.o)
    0x08000268   0x08000268   0x00000000   Code   RO         5256    .ARM.Collect$$libinit$$0000001D  c_w.l(libinit2.o)
    0x08000268   0x08000268   0x00000000   Code   RO         5258    .ARM.Collect$$libinit$$0000001F  c_w.l(libinit2.o)
    0x08000268   0x08000268   0x00000000   Code   RO         5260    .ARM.Collect$$libinit$$00000021  c_w.l(libinit2.o)
    0x08000268   0x08000268   0x00000000   Code   RO         5262    .ARM.Collect$$libinit$$00000023  c_w.l(libinit2.o)
    0x08000268   0x08000268   0x00000000   Code   RO         5264    .ARM.Collect$$libinit$$00000025  c_w.l(libinit2.o)
    0x08000268   0x08000268   0x00000000   Code   RO         5268    .ARM.Collect$$libinit$$0000002C  c_w.l(libinit2.o)
    0x08000268   0x08000268   0x00000000   Code   RO         5270    .ARM.Collect$$libinit$$0000002E  c_w.l(libinit2.o)
    0x08000268   0x08000268   0x00000000   Code   RO         5272    .ARM.Collect$$libinit$$00000030  c_w.l(libinit2.o)
    0x08000268   0x08000268   0x00000000   Code   RO         5274    .ARM.Collect$$libinit$$00000032  c_w.l(libinit2.o)
    0x08000268   0x08000268   0x00000002   Code   RO         5275    .ARM.Collect$$libinit$$00000033  c_w.l(libinit2.o)
    0x0800026a   0x0800026a   0x00000002   Code   RO         5303    .ARM.Collect$$libshutdown$$00000000  c_w.l(libshutdown.o)
    0x0800026c   0x0800026c   0x00000000   Code   RO         5312    .ARM.Collect$$libshutdown$$00000002  c_w.l(libshutdown2.o)
    0x0800026c   0x0800026c   0x00000000   Code   RO         5314    .ARM.Collect$$libshutdown$$00000004  c_w.l(libshutdown2.o)
    0x0800026c   0x0800026c   0x00000000   Code   RO         5316    .ARM.Collect$$libshutdown$$00000006  c_w.l(libshutdown2.o)
    0x0800026c   0x0800026c   0x00000000   Code   RO         5319    .ARM.Collect$$libshutdown$$00000009  c_w.l(libshutdown2.o)
    0x0800026c   0x0800026c   0x00000000   Code   RO         5322    .ARM.Collect$$libshutdown$$0000000C  c_w.l(libshutdown2.o)
    0x0800026c   0x0800026c   0x00000000   Code   RO         5324    .ARM.Collect$$libshutdown$$0000000E  c_w.l(libshutdown2.o)
    0x0800026c   0x0800026c   0x00000000   Code   RO         5327    .ARM.Collect$$libshutdown$$00000011  c_w.l(libshutdown2.o)
    0x0800026c   0x0800026c   0x00000002   Code   RO         5328    .ARM.Collect$$libshutdown$$00000012  c_w.l(libshutdown2.o)
    0x0800026e   0x0800026e   0x00000000   Code   RO         5047    .ARM.Collect$$rtentry$$00000000  c_w.l(__rtentry.o)
    0x0800026e   0x0800026e   0x00000000   Code   RO         5152    .ARM.Collect$$rtentry$$00000002  c_w.l(__rtentry2.o)
    0x0800026e   0x0800026e   0x00000006   Code   RO         5164    .ARM.Collect$$rtentry$$00000004  c_w.l(__rtentry4.o)
    0x08000274   0x08000274   0x00000000   Code   RO         5154    .ARM.Collect$$rtentry$$00000009  c_w.l(__rtentry2.o)
    0x08000274   0x08000274   0x00000004   Code   RO         5155    .ARM.Collect$$rtentry$$0000000A  c_w.l(__rtentry2.o)
    0x08000278   0x08000278   0x00000000   Code   RO         5157    .ARM.Collect$$rtentry$$0000000C  c_w.l(__rtentry2.o)
    0x08000278   0x08000278   0x00000008   Code   RO         5158    .ARM.Collect$$rtentry$$0000000D  c_w.l(__rtentry2.o)
    0x08000280   0x08000280   0x00000002   Code   RO         5276    .ARM.Collect$$rtexit$$00000000  c_w.l(rtexit.o)
    0x08000282   0x08000282   0x00000000   Code   RO         5283    .ARM.Collect$$rtexit$$00000002  c_w.l(rtexit2.o)
    0x08000282   0x08000282   0x00000004   Code   RO         5284    .ARM.Collect$$rtexit$$00000003  c_w.l(rtexit2.o)
    0x08000286   0x08000286   0x00000006   Code   RO         5285    .ARM.Collect$$rtexit$$00000004  c_w.l(rtexit2.o)
    0x0800028c   0x0800028c   0x00000040   Code   RO          449    .text               startup_stm32f40_41xxx.o
    0x080002cc   0x080002cc   0x00000002   Code   RO         4909    .text               c_w.l(use_no_semi_2.o)
    0x080002ce   0x080002ce   0x00000002   PAD
    0x080002d0   0x080002d0   0x00000018   Code   RO         4915    .text               c_w.l(noretval__2printf.o)
    0x080002e8   0x080002e8   0x00000028   Code   RO         4917    .text               c_w.l(noretval__2sprintf.o)
    0x08000310   0x08000310   0x00000078   Code   RO         4925    .text               c_w.l(_printf_dec.o)
    0x08000388   0x08000388   0x00000188   Code   RO         4965    .text               c_w.l(__printf_flags_ss_wp.o)
    0x08000510   0x08000510   0x0000003e   Code   RO         4977    .text               c_w.l(strlen.o)
    0x0800054e   0x0800054e   0x0000008a   Code   RO         4979    .text               c_w.l(rt_memcpy_v6.o)
    0x080005d8   0x080005d8   0x00000064   Code   RO         4981    .text               c_w.l(rt_memcpy_w.o)
    0x0800063c   0x0800063c   0x00000044   Code   RO         4983    .text               c_w.l(rt_memclr.o)
    0x08000680   0x08000680   0x0000004e   Code   RO         4985    .text               c_w.l(rt_memclr_w.o)
    0x080006ce   0x080006ce   0x00000002   PAD
    0x080006d0   0x080006d0   0x00000080   Code   RO         4987    .text               c_w.l(strcmpv7m.o)
    0x08000750   0x08000750   0x00000006   Code   RO         4989    .text               c_w.l(heapauxi.o)
    0x08000756   0x08000756   0x00000002   Code   RO         5045    .text               c_w.l(use_no_semi.o)
    0x08000758   0x08000758   0x000000b2   Code   RO         5050    .text               c_w.l(_printf_intcommon.o)
    0x0800080a   0x0800080a   0x0000041e   Code   RO         5052    .text               c_w.l(_printf_fp_dec.o)
    0x08000c28   0x08000c28   0x00000030   Code   RO         5054    .text               c_w.l(_printf_char_common.o)
    0x08000c58   0x08000c58   0x0000000a   Code   RO         5056    .text               c_w.l(_sputc.o)
    0x08000c62   0x08000c62   0x00000002   PAD
    0x08000c64   0x08000c64   0x00000024   Code   RO         5060    .text               c_w.l(_printf_char_file.o)
    0x08000c88   0x08000c88   0x00000008   Code   RO         5169    .text               c_w.l(rt_locale_intlibspace.o)
    0x08000c90   0x08000c90   0x0000008a   Code   RO         5176    .text               c_w.l(lludiv10.o)
    0x08000d1a   0x08000d1a   0x00000002   PAD
    0x08000d1c   0x08000d1c   0x00000080   Code   RO         5178    .text               c_w.l(_printf_fp_infnan.o)
    0x08000d9c   0x08000d9c   0x000000e4   Code   RO         5182    .text               c_w.l(bigflt0.o)
    0x08000e80   0x08000e80   0x00000008   Code   RO         5207    .text               c_w.l(ferror.o)
    0x08000e88   0x08000e88   0x00000008   Code   RO         5218    .text               c_w.l(libspace.o)
    0x08000e90   0x08000e90   0x0000004a   Code   RO         5221    .text               c_w.l(sys_stackheap_outer.o)
    0x08000eda   0x08000eda   0x00000012   Code   RO         5223    .text               c_w.l(exit.o)
    0x08000eec   0x08000eec   0x0000003e   Code   RO         5185    CL$$btod_d2e        c_w.l(btod.o)
    0x08000f2a   0x08000f2a   0x00000046   Code   RO         5187    CL$$btod_d2e_denorm_low  c_w.l(btod.o)
    0x08000f70   0x08000f70   0x00000060   Code   RO         5186    CL$$btod_d2e_norm_op1  c_w.l(btod.o)
    0x08000fd0   0x08000fd0   0x00000338   Code   RO         5195    CL$$btod_div_common  c_w.l(btod.o)
    0x08001308   0x08001308   0x000000dc   Code   RO         5192    CL$$btod_e2e        c_w.l(btod.o)
    0x080013e4   0x080013e4   0x0000002a   Code   RO         5189    CL$$btod_ediv       c_w.l(btod.o)
    0x0800140e   0x0800140e   0x0000002a   Code   RO         5188    CL$$btod_emul       c_w.l(btod.o)
    0x08001438   0x08001438   0x00000244   Code   RO         5194    CL$$btod_mult_common  c_w.l(btod.o)
    0x0800167c   0x0800167c   0x00000018   Code   RO         1630    i.ADC_Cmd           stm32f4xx_adc.o
    0x08001694   0x08001694   0x00000028   Code   RO         1631    i.ADC_CommonInit    stm32f4xx_adc.o
    0x080016bc   0x080016bc   0x00000006   Code   RO         1642    i.ADC_GetConversionValue  stm32f4xx_adc.o
    0x080016c2   0x080016c2   0x0000000e   Code   RO         1643    i.ADC_GetFlagStatus  stm32f4xx_adc.o
    0x080016d0   0x080016d0   0x0000004c   Code   RO         1650    i.ADC_Init          stm32f4xx_adc.o
    0x0800171c   0x0800171c   0x00000074   Code   RO         1655    i.ADC_RegularChannelConfig  stm32f4xx_adc.o
    0x08001790   0x08001790   0x0000000a   Code   RO         1657    i.ADC_SoftwareStartConv  stm32f4xx_adc.o
    0x0800179a   0x0800179a   0x00000002   PAD
    0x0800179c   0x0800179c   0x00000144   Code   RO         2962    i.ATCommandFeedBack_JDY33  bsp_bluetooth.o
    0x080018e0   0x080018e0   0x00000080   Code   RO         2694    i.Adc_Init          bsp_adc.o
    0x08001960   0x08001960   0x000001ac   Code   RO            4    i.AnglePID          main.o
    0x08001b0c   0x08001b0c   0x00000068   Code   RO            5    i.Angle_to_PWM      main.o
    0x08001b74   0x08001b74   0x00000024   Code   RO            6    i.AppSendData       main.o
    0x08001b98   0x08001b98   0x000001ec   Code   RO         2963    i.BlueToothAPPDecode  bsp_bluetooth.o
    0x08001d84   0x08001d84   0x00000002   Code   RO          313    i.BusFault_Handler  stm32f4xx_it.o
    0x08001d86   0x08001d86   0x00000002   PAD
    0x08001d88   0x08001d88   0x00000034   Code   RO         2763    i.Buzzer_Init       bsp_buzzer.o
    0x08001dbc   0x08001dbc   0x000000b8   Code   RO         4655    i.CopeWitData       wit_c_sdk.o
    0x08001e74   0x08001e74   0x00000002   Code   RO          314    i.DebugMon_Handler  stm32f4xx_it.o
    0x08001e76   0x08001e76   0x00000002   PAD
    0x08001e78   0x08001e78   0x00000010   Code   RO         4544    i.EXTI4_IRQHandler  vl53l0x_it.o
    0x08001e88   0x08001e88   0x0000000c   Code   RO         2063    i.EXTI_ClearITPendingBit  stm32f4xx_exti.o
    0x08001e94   0x08001e94   0x000000cc   Code   RO         2855    i.Encoder_Init_TIM2  bsp_encoder.o
    0x08001f60   0x08001f60   0x000000ac   Code   RO         2856    i.Encoder_Init_TIM3  bsp_encoder.o
    0x0800200c   0x0800200c   0x000000ac   Code   RO         2857    i.Encoder_Init_TIM4  bsp_encoder.o
    0x080020b8   0x080020b8   0x000000a8   Code   RO         2858    i.Encoder_Init_TIM5  bsp_encoder.o
    0x08002160   0x08002160   0x00000030   Code   RO         3153    i.GPIO_IN_Init      gpio_inout.o
    0x08002190   0x08002190   0x0000007c   Code   RO          505    i.GPIO_Init         stm32f4xx_gpio.o
    0x0800220c   0x0800220c   0x00000020   Code   RO          506    i.GPIO_PinAFConfig  stm32f4xx_gpio.o
    0x0800222c   0x0800222c   0x00000030   Code   RO         2695    i.Get_Adc           bsp_adc.o
    0x0800225c   0x0800225c   0x00000002   Code   RO          315    i.HardFault_Handler  stm32f4xx_it.o
    0x0800225e   0x0800225e   0x00000002   PAD
    0x08002260   0x08002260   0x00000074   Code   RO            7    i.Incremental_PI_A  main.o
    0x080022d4   0x080022d4   0x00000078   Code   RO            8    i.Incremental_PI_B  main.o
    0x0800234c   0x0800234c   0x00000078   Code   RO            9    i.Incremental_PI_C  main.o
    0x080023c4   0x080023c4   0x00000078   Code   RO           10    i.Incremental_PI_D  main.o
    0x0800243c   0x0800243c   0x00000050   Code   RO         2728    i.KEY_Init          bsp_key.o
    0x0800248c   0x0800248c   0x00000110   Code   RO         2729    i.KEY_Scan          bsp_key.o
    0x0800259c   0x0800259c   0x00000034   Code   RO         2312    i.LED_Init          bsp_led.o
    0x080025d0   0x080025d0   0x00000002   Code   RO          316    i.MemManage_Handler  stm32f4xx_it.o
    0x080025d2   0x080025d2   0x00000002   Code   RO          317    i.NMI_Handler       stm32f4xx_it.o
    0x080025d4   0x080025d4   0x00000068   Code   RO          456    i.NVIC_Init         misc.o
    0x0800263c   0x0800263c   0x00000014   Code   RO          457    i.NVIC_PriorityGroupConfig  misc.o
    0x08002650   0x08002650   0x0000004c   Code   RO         2932    i.PID_Init          pid_study.o
    0x0800269c   0x0800269c   0x00000100   Code   RO         2933    i.PID_Iterate       pid_study.o
    0x0800279c   0x0800279c   0x00000002   Code   RO          318    i.PendSV_Handler    stm32f4xx_it.o
    0x0800279e   0x0800279e   0x00000002   PAD
    0x080027a0   0x080027a0   0x0000001c   Code   RO          606    i.RCC_AHB1PeriphClockCmd  stm32f4xx_rcc.o
    0x080027bc   0x080027bc   0x0000001c   Code   RO          615    i.RCC_APB1PeriphClockCmd  stm32f4xx_rcc.o
    0x080027d8   0x080027d8   0x0000001c   Code   RO          618    i.RCC_APB2PeriphClockCmd  stm32f4xx_rcc.o
    0x080027f4   0x080027f4   0x0000001c   Code   RO          620    i.RCC_APB2PeriphResetCmd  stm32f4xx_rcc.o
    0x08002810   0x08002810   0x000000a0   Code   RO          627    i.RCC_GetClocksFreq  stm32f4xx_rcc.o
    0x080028b0   0x080028b0   0x0000004c   Code   RO         2859    i.Read_Encoder      bsp_encoder.o
    0x080028fc   0x080028fc   0x00000002   Code   RO          319    i.SVC_Handler       stm32f4xx_it.o
    0x080028fe   0x080028fe   0x00000002   PAD
    0x08002900   0x08002900   0x000000b8   Code   RO          408    i.SetSysClock       system_stm32f4xx.o
    0x080029b8   0x080029b8   0x00000068   Code   RO         2791    i.Set_Pwm           bsp_motor.o
    0x08002a20   0x08002a20   0x00000010   Code   RO         2188    i.SysTick_Handler   delay.o
    0x08002a30   0x08002a30   0x00000058   Code   RO         2189    i.SysTick_Init      delay.o
    0x08002a88   0x08002a88   0x0000005c   Code   RO          410    i.SystemInit        system_stm32f4xx.o
    0x08002ae4   0x08002ae4   0x0000002e   Code   RO         1058    i.TI1_Config        stm32f4xx_tim.o
    0x08002b12   0x08002b12   0x00000036   Code   RO         1059    i.TI2_Config        stm32f4xx_tim.o
    0x08002b48   0x08002b48   0x00000032   Code   RO         1060    i.TI3_Config        stm32f4xx_tim.o
    0x08002b7a   0x08002b7a   0x00000036   Code   RO         1061    i.TI4_Config        stm32f4xx_tim.o
    0x08002bb0   0x08002bb0   0x000000a0   Code   RO         2792    i.TIM10_PWM_Init    bsp_motor.o
    0x08002c50   0x08002c50   0x000000a8   Code   RO         2793    i.TIM11_PWM_Init    bsp_motor.o
    0x08002cf8   0x08002cf8   0x000000c4   Code   RO         2794    i.TIM12_SERVO_Init  bsp_motor.o
    0x08002dbc   0x08002dbc   0x000000f8   Code   RO         2795    i.TIM1_PWM_Init     bsp_motor.o
    0x08002eb4   0x08002eb4   0x00000450   Code   RO           11    i.TIM7_IRQHandler   main.o
    0x08003304   0x08003304   0x0000005c   Code   RO         2666    i.TIM7_Init         bsp_tim.o
    0x08003360   0x08003360   0x000000f8   Code   RO         2796    i.TIM8_SERVO_Init   bsp_motor.o
    0x08003458   0x08003458   0x000000bc   Code   RO         2797    i.TIM9_PWM_Init     bsp_motor.o
    0x08003514   0x08003514   0x00000018   Code   RO         1062    i.TIM_ARRPreloadConfig  stm32f4xx_tim.o
    0x0800352c   0x0800352c   0x00000006   Code   RO         1069    i.TIM_ClearITPendingBit  stm32f4xx_tim.o
    0x08003532   0x08003532   0x00000018   Code   RO         1074    i.TIM_Cmd           stm32f4xx_tim.o
    0x0800354a   0x0800354a   0x0000001c   Code   RO         1076    i.TIM_CtrlPWMOutputs  stm32f4xx_tim.o
    0x08003566   0x08003566   0x00000032   Code   RO         1083    i.TIM_EncoderInterfaceConfig  stm32f4xx_tim.o
    0x08003598   0x08003598   0x00000018   Code   RO         1095    i.TIM_GetITStatus   stm32f4xx_tim.o
    0x080035b0   0x080035b0   0x00000062   Code   RO         1097    i.TIM_ICInit        stm32f4xx_tim.o
    0x08003612   0x08003612   0x00000010   Code   RO         1098    i.TIM_ICStructInit  stm32f4xx_tim.o
    0x08003622   0x08003622   0x00000014   Code   RO         1099    i.TIM_ITConfig      stm32f4xx_tim.o
    0x08003636   0x08003636   0x00000002   PAD
    0x08003638   0x08003638   0x00000068   Code   RO         1103    i.TIM_OC1Init       stm32f4xx_tim.o
    0x080036a0   0x080036a0   0x0000000c   Code   RO         1106    i.TIM_OC1PreloadConfig  stm32f4xx_tim.o
    0x080036ac   0x080036ac   0x00000088   Code   RO         1108    i.TIM_OC2Init       stm32f4xx_tim.o
    0x08003734   0x08003734   0x00000014   Code   RO         1111    i.TIM_OC2PreloadConfig  stm32f4xx_tim.o
    0x08003748   0x08003748   0x00000084   Code   RO         1113    i.TIM_OC3Init       stm32f4xx_tim.o
    0x080037cc   0x080037cc   0x0000000c   Code   RO         1116    i.TIM_OC3PreloadConfig  stm32f4xx_tim.o
    0x080037d8   0x080037d8   0x00000064   Code   RO         1118    i.TIM_OC4Init       stm32f4xx_tim.o
    0x0800383c   0x0800383c   0x00000014   Code   RO         1120    i.TIM_OC4PreloadConfig  stm32f4xx_tim.o
    0x08003850   0x08003850   0x00000004   Code   RO         1140    i.TIM_SetCounter    stm32f4xx_tim.o
    0x08003854   0x08003854   0x00000010   Code   RO         1141    i.TIM_SetIC1Prescaler  stm32f4xx_tim.o
    0x08003864   0x08003864   0x00000018   Code   RO         1142    i.TIM_SetIC2Prescaler  stm32f4xx_tim.o
    0x0800387c   0x0800387c   0x00000010   Code   RO         1143    i.TIM_SetIC3Prescaler  stm32f4xx_tim.o
    0x0800388c   0x0800388c   0x00000018   Code   RO         1144    i.TIM_SetIC4Prescaler  stm32f4xx_tim.o
    0x080038a4   0x080038a4   0x0000007c   Code   RO         1146    i.TIM_TimeBaseInit  stm32f4xx_tim.o
    0x08003920   0x08003920   0x00000012   Code   RO         1147    i.TIM_TimeBaseStructInit  stm32f4xx_tim.o
    0x08003932   0x08003932   0x00000002   PAD
    0x08003934   0x08003934   0x00000034   Code   RO         4870    i.UART4_IRQHandler  bsp_wit_uart4.o
    0x08003968   0x08003968   0x0000003c   Code   RO           12    i.USART2_IRQHandler  main.o
    0x080039a4   0x080039a4   0x00000010   Code   RO         1871    i.USART_ClearITPendingBit  stm32f4xx_usart.o
    0x080039b4   0x080039b4   0x00000018   Code   RO         1874    i.USART_Cmd         stm32f4xx_usart.o
    0x080039cc   0x080039cc   0x0000000e   Code   RO         1877    i.USART_GetFlagStatus  stm32f4xx_usart.o
    0x080039da   0x080039da   0x00000040   Code   RO         1878    i.USART_GetITStatus  stm32f4xx_usart.o
    0x08003a1a   0x08003a1a   0x00000036   Code   RO         1880    i.USART_ITConfig    stm32f4xx_usart.o
    0x08003a50   0x08003a50   0x000000bc   Code   RO         1881    i.USART_Init        stm32f4xx_usart.o
    0x08003b0c   0x08003b0c   0x00000008   Code   RO         1888    i.USART_ReceiveData  stm32f4xx_usart.o
    0x08003b14   0x08003b14   0x00000008   Code   RO         1891    i.USART_SendData    stm32f4xx_usart.o
    0x08003b1c   0x08003b1c   0x00000040   Code   RO         4871    i.Uart4Send         bsp_wit_uart4.o
    0x08003b5c   0x08003b5c   0x00000002   Code   RO          320    i.UsageFault_Handler  stm32f4xx_it.o
    0x08003b5e   0x08003b5e   0x00000002   PAD
    0x08003b60   0x08003b60   0x0000000c   Code   RO         2190    i.User_GetSysTickTime  delay.o
    0x08003b6c   0x08003b6c   0x00000054   Code   RO           13    i.WitAutoScanSensor  main.o
    0x08003bc0   0x08003bc0   0x00000018   Code   RO         4659    i.WitDelayMsRegister  wit_c_sdk.o
    0x08003bd8   0x08003bd8   0x00000004   Code   RO           14    i.WitDelayms        main.o
    0x08003bdc   0x08003bdc   0x0000001c   Code   RO         4661    i.WitInit           wit_c_sdk.o
    0x08003bf8   0x08003bf8   0x00000168   Code   RO         4662    i.WitReadReg        wit_c_sdk.o
    0x08003d60   0x08003d60   0x00000018   Code   RO         4663    i.WitRegisterCallBack  wit_c_sdk.o
    0x08003d78   0x08003d78   0x00000040   Code   RO           15    i.WitSensorDataUpdata  main.o
    0x08003db8   0x08003db8   0x00000004   Code   RO           16    i.WitSensorUartSend  main.o
    0x08003dbc   0x08003dbc   0x00000138   Code   RO         4664    i.WitSerialDataIn   wit_c_sdk.o
    0x08003ef4   0x08003ef4   0x00000018   Code   RO         4665    i.WitSerialWriteRegister  wit_c_sdk.o
    0x08003f0c   0x08003f0c   0x00000048   Code   RO         4674    i.WitStartIYAWCali  wit_c_sdk.o
    0x08003f54   0x08003f54   0x00000048   Code   RO         4677    i.WitStartRKMODECali  wit_c_sdk.o
    0x08003f9c   0x08003f9c   0x00000048   Code   RO         4683    i.WitStopRKMODECali  wit_c_sdk.o
    0x08003fe4   0x08003fe4   0x000000b4   Code   RO         4872    i.WitUart4Init      bsp_wit_uart4.o
    0x08004098   0x08004098   0x000000ec   Code   RO         4684    i.WitWriteReg       wit_c_sdk.o
    0x08004184   0x08004184   0x00000230   Code   RO           17    i.Wit_CmdProcess    main.o
    0x080043b4   0x080043b4   0x00000148   Code   RO           18    i.Wit_Process       main.o
    0x080044fc   0x080044fc   0x00000030   Code   RO         5118    i.__ARM_fpclassify  m_wm.l(fpclassify.o)
    0x0800452c   0x0800452c   0x0000002c   Code   RO         4685    i.__CRC16           wit_c_sdk.o
    0x08004558   0x08004558   0x00000018   Code   RO         4686    i.__CaliSum         wit_c_sdk.o
    0x08004570   0x08004570   0x0000000e   Code   RO         4958    i._is_digit         c_w.l(__printf_wp.o)
    0x0800457e   0x0800457e   0x00000002   Code   RO         2272    i._sys_exit         usart.o
    0x08004580   0x08004580   0x00000028   Code   RO         2191    i.delay_ms          delay.o
    0x080045a8   0x080045a8   0x00000006   Code   RO           19    i.fabsf             main.o
    0x080045ae   0x080045ae   0x00000002   PAD
    0x080045b0   0x080045b0   0x00000018   Code   RO         2273    i.fputc             usart.o
    0x080045c8   0x080045c8   0x00000b7c   Code   RO           20    i.main              main.o
    0x08005144   0x08005144   0x00000020   Code   RO           21    i.target_limit_float  main.o
    0x08005164   0x08005164   0x00000010   Code   RO           22    i.target_limit_int  main.o
    0x08005174   0x08005174   0x000000ac   Code   RO         2964    i.uart2_init        bsp_bluetooth.o
    0x08005220   0x08005220   0x0000002c   Code   RO         5212    locale$$code        c_w.l(lc_numeric_c.o)
    0x0800524c   0x0800524c   0x0000000c   Code   RO         5083    x$fpl$dretinf       fz_wm.l(dretinf.o)
    0x08005258   0x08005258   0x00000056   Code   RO         4997    x$fpl$f2d           fz_wm.l(f2d.o)
    0x080052ae   0x080052ae   0x0000008c   Code   RO         5085    x$fpl$fnaninf       fz_wm.l(fnaninf.o)
    0x0800533a   0x0800533a   0x0000000a   Code   RO         5280    x$fpl$fpinit        fz_wm.l(fpinit.o)
    0x08005344   0x08005344   0x00000004   Code   RO         4999    x$fpl$printf1       fz_wm.l(printf1.o)
    0x08005348   0x08005348   0x00000000   Code   RO         5089    x$fpl$usenofp       fz_wm.l(usenofp.o)
    0x08005348   0x08005348   0x00000028   Data   RO           24    .constdata          main.o
    0x08005370   0x08005370   0x00000200   Data   RO         4688    .constdata          wit_c_sdk.o
    0x08005570   0x08005570   0x00000011   Data   RO         4966    .constdata          c_w.l(__printf_flags_ss_wp.o)
    0x08005581   0x08005581   0x00000003   PAD
    0x08005584   0x08005584   0x00000094   Data   RO         5183    .constdata          c_w.l(bigflt0.o)
    0x08005618   0x08005618   0x00000020   Data   RO         5353    Region$$Table       anon$$obj.o
    0x08005638   0x08005638   0x0000001c   Data   RO         5211    locale$$data        c_w.l(lc_numeric_c.o)


    Execution Region RW_IRAM1 (Exec base: 0x20000000, Load base: 0x08005654, Size: 0x00000f20, Max: 0x00020000, ABSOLUTE, COMPRESSED[0x00000054])

    Exec Addr    Load Addr    Size         Type   Attr      Idx    E Section Name        Object

    0x20000000   COMPRESSED   0x00000128   Data   RW           25    .data               main.o
    0x20000128   COMPRESSED   0x00000014   Data   RW          411    .data               system_stm32f4xx.o
    0x2000013c   COMPRESSED   0x00000010   Data   RW          659    .data               stm32f4xx_rcc.o
    0x2000014c   COMPRESSED   0x00000010   Data   RW         2193    .data               delay.o
    0x2000015c   COMPRESSED   0x00000004   Data   RW         2274    .data               usart.o
    0x20000160   COMPRESSED   0x0000000a   Data   RW         2730    .data               bsp_key.o
    0x2000016a   COMPRESSED   0x0000000a   Data   RW         2966    .data               bsp_bluetooth.o
    0x20000174   COMPRESSED   0x00000010   Data   RW         4547    .data               vl53l0x_it.o
    0x20000184   COMPRESSED   0x00000028   Data   RW         4689    .data               wit_c_sdk.o
    0x200001ac        -       0x000004c0   Zero   RW           23    .bss                main.o
    0x2000066c        -       0x00000032   Zero   RW         2965    .bss                bsp_bluetooth.o
    0x2000069e        -       0x00000220   Zero   RW         4687    .bss                wit_c_sdk.o
    0x200008be   COMPRESSED   0x00000002   PAD
    0x200008c0        -       0x00000060   Zero   RW         5219    .bss                c_w.l(libspace.o)
    0x20000920        -       0x00000200   Zero   RW          447    HEAP                startup_stm32f40_41xxx.o
    0x20000b20        -       0x00000400   Zero   RW          446    STACK               startup_stm32f40_41xxx.o


==============================================================================

Image component sizes


      Code (inc. data)   RO Data    RW Data    ZI Data      Debug   Object Name

       176         14          0          0          0       1285   bsp_adc.o
       988        116          0         10         50       4500   bsp_bluetooth.o
        52          4          0          0          0        570   bsp_buzzer.o
       792         50          0          0          0       3787   bsp_encoder.o
       352         32          0         10          0       1622   bsp_key.o
        52          4          0          0          0        555   bsp_led.o
      1312         68          0          0          0       5877   bsp_motor.o
        92          4          0          0          0        704   bsp_tim.o
       296         22          0          0          0       2802   bsp_wit_uart4.o
       156         32          0         16          0      29069   delay.o
        48          6          0          0          0        567   gpio_inout.o
      6246        960         40        296       1216     329489   main.o
       124         16          0          0          0       1779   misc.o
       332         12          0          0          0       2297   pid_study.o
        64         26        392          0       1536        868   startup_stm32f40_41xxx.o
       286         20          0          0          0       6114   stm32f4xx_adc.o
        12          6          0          0          0        561   stm32f4xx_exti.o
       156          0          0          0          0       1967   stm32f4xx_gpio.o
        16          0          0          0          0       3772   stm32f4xx_it.o
       272         36          0         16          0       5756   stm32f4xx_rcc.o
      1256         60          0          0          0      20417   stm32f4xx_tim.o
       376          8          0          0          0       6763   stm32f4xx_usart.o
       276         34          0         20          0       1961   system_stm32f4xx.o
        26          6          0          4          0       3002   usart.o
        16          4          0         16          0       1459   vl53l0x_it.o
      1476         98        512         40        544      12634   wit_c_sdk.o

    ----------------------------------------------------------------------
     15270       1638        976        428       3348     450177   Object Totals
         0          0         32          0          0          0   (incl. Generated)
        20          0          0          0          2          0   (incl. Padding)

    ----------------------------------------------------------------------

      Code (inc. data)   RO Data    RW Data    ZI Data      Debug   Library Member Name

        90          0          0          0          0          0   __dczerorl2.o
         8          0          0          0          0         68   __main.o
       392          4         17          0          0         92   __printf_flags_ss_wp.o
        14          0          0          0          0         68   __printf_wp.o
         0          0          0          0          0          0   __rtentry.o
        12          0          0          0          0          0   __rtentry2.o
         6          0          0          0          0          0   __rtentry4.o
        52          8          0          0          0          0   __scatter.o
        28          0          0          0          0          0   __scatter_zi.o
        48          6          0          0          0         96   _printf_char_common.o
        36          4          0          0          0         80   _printf_char_file.o
         6          0          0          0          0          0   _printf_d.o
       120         16          0          0          0         92   _printf_dec.o
         6          0          0          0          0          0   _printf_f.o
      1054          0          0          0          0        216   _printf_fp_dec.o
       128         16          0          0          0         84   _printf_fp_infnan.o
       178          0          0          0          0         88   _printf_intcommon.o
         0          0          0          0          0          0   _printf_percent.o
         4          0          0          0          0          0   _printf_percent_end.o
         6          0          0          0          0          0   _printf_u.o
        10          0          0          0          0         68   _sputc.o
       228          4        148          0          0         96   bigflt0.o
      1936        128          0          0          0        672   btod.o
        18          0          0          0          0         80   exit.o
         8          0          0          0          0         68   ferror.o
         6          0          0          0          0        152   heapauxi.o
        44         10         28          0          0         76   lc_numeric_c.o
         2          0          0          0          0          0   libinit.o
        22          0          0          0          0          0   libinit2.o
         2          0          0          0          0          0   libshutdown.o
         2          0          0          0          0          0   libshutdown2.o
         8          4          0          0         96         68   libspace.o
       138          0          0          0          0         80   lludiv10.o
        24          4          0          0          0         84   noretval__2printf.o
        40          6          0          0          0         84   noretval__2sprintf.o
         8          4          0          0          0         68   rt_locale_intlibspace.o
        68          0          0          0          0         68   rt_memclr.o
        78          0          0          0          0         80   rt_memclr_w.o
       138          0          0          0          0         68   rt_memcpy_v6.o
       100          0          0          0          0         80   rt_memcpy_w.o
         2          0          0          0          0          0   rtexit.o
        10          0          0          0          0          0   rtexit2.o
       128          0          0          0          0         68   strcmpv7m.o
        62          0          0          0          0         76   strlen.o
        74          0          0          0          0         80   sys_stackheap_outer.o
         2          0          0          0          0         68   use_no_semi.o
         2          0          0          0          0         68   use_no_semi_2.o
        12          0          0          0          0        116   dretinf.o
        86          4          0          0          0        132   f2d.o
       140          4          0          0          0        132   fnaninf.o
        10          0          0          0          0        116   fpinit.o
         4          0          0          0          0        116   printf1.o
         0          0          0          0          0          0   usenofp.o
        48          0          0          0          0        124   fpclassify.o

    ----------------------------------------------------------------------
      5658        222        196          0         96       3872   Library Totals
        10          0          3          0          0          0   (incl. Padding)

    ----------------------------------------------------------------------

      Code (inc. data)   RO Data    RW Data    ZI Data      Debug   Library Name

      5348        214        193          0         96       3136   c_w.l
       252          8          0          0          0        612   fz_wm.l
        48          0          0          0          0        124   m_wm.l

    ----------------------------------------------------------------------
      5658        222        196          0         96       3872   Library Totals

    ----------------------------------------------------------------------

==============================================================================


      Code (inc. data)   RO Data    RW Data    ZI Data      Debug   

     20928       1860       1172        428       3444     440081   Grand Totals
     20928       1860       1172         84       3444     440081   ELF Image Totals (compressed)
     20928       1860       1172         84          0          0   ROM Totals

==============================================================================

    Total RO  Size (Code + RO Data)                22100 (  21.58kB)
    Total RW  Size (RW Data + ZI Data)              3872 (   3.78kB)
    Total ROM Size (Code + RO Data + RW Data)      22184 (  21.66kB)

==============================================================================

